Archive member included to satisfy reference by file (symbol)

C:/ST/STM32CubeIDE_1.19.0/STM32CubeIDE/plugins/com.st.stm32cube.ide.mcu.externaltools.gnu-tools-for-stm32.13.3.rel1.win32_1.0.0.202411081344/tools/bin/../lib/gcc/arm-none-eabi/13.3.1/../../../../arm-none-eabi/lib/thumb/v7e-m+fp/hard\libc_nano.a(libc_a-exit.o)
                              C:/ST/STM32CubeIDE_1.19.0/STM32CubeIDE/plugins/com.st.stm32cube.ide.mcu.externaltools.gnu-tools-for-stm32.13.3.rel1.win32_1.0.0.202411081344/tools/bin/../lib/gcc/arm-none-eabi/13.3.1/../../../../arm-none-eabi/lib/thumb/v7e-m+fp/hard/crt0.o (exit)
C:/ST/STM32CubeIDE_1.19.0/STM32CubeIDE/plugins/com.st.stm32cube.ide.mcu.externaltools.gnu-tools-for-stm32.13.3.rel1.win32_1.0.0.202411081344/tools/bin/../lib/gcc/arm-none-eabi/13.3.1/../../../../arm-none-eabi/lib/thumb/v7e-m+fp/hard\libc_nano.a(libc_a-findfp.o)
                              C:/ST/STM32CubeIDE_1.19.0/STM32CubeIDE/plugins/com.st.stm32cube.ide.mcu.externaltools.gnu-tools-for-stm32.13.3.rel1.win32_1.0.0.202411081344/tools/bin/../lib/gcc/arm-none-eabi/13.3.1/../../../../arm-none-eabi/lib/thumb/v7e-m+fp/hard\libc_nano.a(libc_a-exit.o) (__stdio_exit_handler)
C:/ST/STM32CubeIDE_1.19.0/STM32CubeIDE/plugins/com.st.stm32cube.ide.mcu.externaltools.gnu-tools-for-stm32.13.3.rel1.win32_1.0.0.202411081344/tools/bin/../lib/gcc/arm-none-eabi/13.3.1/../../../../arm-none-eabi/lib/thumb/v7e-m+fp/hard\libc_nano.a(libc_a-fwalk.o)
                              C:/ST/STM32CubeIDE_1.19.0/STM32CubeIDE/plugins/com.st.stm32cube.ide.mcu.externaltools.gnu-tools-for-stm32.13.3.rel1.win32_1.0.0.202411081344/tools/bin/../lib/gcc/arm-none-eabi/13.3.1/../../../../arm-none-eabi/lib/thumb/v7e-m+fp/hard\libc_nano.a(libc_a-findfp.o) (_fwalk_sglue)
C:/ST/STM32CubeIDE_1.19.0/STM32CubeIDE/plugins/com.st.stm32cube.ide.mcu.externaltools.gnu-tools-for-stm32.13.3.rel1.win32_1.0.0.202411081344/tools/bin/../lib/gcc/arm-none-eabi/13.3.1/../../../../arm-none-eabi/lib/thumb/v7e-m+fp/hard\libc_nano.a(libc_a-stdio.o)
                              C:/ST/STM32CubeIDE_1.19.0/STM32CubeIDE/plugins/com.st.stm32cube.ide.mcu.externaltools.gnu-tools-for-stm32.13.3.rel1.win32_1.0.0.202411081344/tools/bin/../lib/gcc/arm-none-eabi/13.3.1/../../../../arm-none-eabi/lib/thumb/v7e-m+fp/hard\libc_nano.a(libc_a-findfp.o) (__sread)
C:/ST/STM32CubeIDE_1.19.0/STM32CubeIDE/plugins/com.st.stm32cube.ide.mcu.externaltools.gnu-tools-for-stm32.13.3.rel1.win32_1.0.0.202411081344/tools/bin/../lib/gcc/arm-none-eabi/13.3.1/../../../../arm-none-eabi/lib/thumb/v7e-m+fp/hard\libc_nano.a(libc_a-memset.o)
                              C:/ST/STM32CubeIDE_1.19.0/STM32CubeIDE/plugins/com.st.stm32cube.ide.mcu.externaltools.gnu-tools-for-stm32.13.3.rel1.win32_1.0.0.202411081344/tools/bin/../lib/gcc/arm-none-eabi/13.3.1/../../../../arm-none-eabi/lib/thumb/v7e-m+fp/hard/crt0.o (memset)
C:/ST/STM32CubeIDE_1.19.0/STM32CubeIDE/plugins/com.st.stm32cube.ide.mcu.externaltools.gnu-tools-for-stm32.13.3.rel1.win32_1.0.0.202411081344/tools/bin/../lib/gcc/arm-none-eabi/13.3.1/../../../../arm-none-eabi/lib/thumb/v7e-m+fp/hard\libc_nano.a(libc_a-closer.o)
                              C:/ST/STM32CubeIDE_1.19.0/STM32CubeIDE/plugins/com.st.stm32cube.ide.mcu.externaltools.gnu-tools-for-stm32.13.3.rel1.win32_1.0.0.202411081344/tools/bin/../lib/gcc/arm-none-eabi/13.3.1/../../../../arm-none-eabi/lib/thumb/v7e-m+fp/hard\libc_nano.a(libc_a-stdio.o) (_close_r)
C:/ST/STM32CubeIDE_1.19.0/STM32CubeIDE/plugins/com.st.stm32cube.ide.mcu.externaltools.gnu-tools-for-stm32.13.3.rel1.win32_1.0.0.202411081344/tools/bin/../lib/gcc/arm-none-eabi/13.3.1/../../../../arm-none-eabi/lib/thumb/v7e-m+fp/hard\libc_nano.a(libc_a-reent.o)
                              C:/ST/STM32CubeIDE_1.19.0/STM32CubeIDE/plugins/com.st.stm32cube.ide.mcu.externaltools.gnu-tools-for-stm32.13.3.rel1.win32_1.0.0.202411081344/tools/bin/../lib/gcc/arm-none-eabi/13.3.1/../../../../arm-none-eabi/lib/thumb/v7e-m+fp/hard\libc_nano.a(libc_a-closer.o) (errno)
C:/ST/STM32CubeIDE_1.19.0/STM32CubeIDE/plugins/com.st.stm32cube.ide.mcu.externaltools.gnu-tools-for-stm32.13.3.rel1.win32_1.0.0.202411081344/tools/bin/../lib/gcc/arm-none-eabi/13.3.1/../../../../arm-none-eabi/lib/thumb/v7e-m+fp/hard\libc_nano.a(libc_a-impure.o)
                              C:/ST/STM32CubeIDE_1.19.0/STM32CubeIDE/plugins/com.st.stm32cube.ide.mcu.externaltools.gnu-tools-for-stm32.13.3.rel1.win32_1.0.0.202411081344/tools/bin/../lib/gcc/arm-none-eabi/13.3.1/../../../../arm-none-eabi/lib/thumb/v7e-m+fp/hard\libc_nano.a(libc_a-reent.o) (_impure_ptr)
C:/ST/STM32CubeIDE_1.19.0/STM32CubeIDE/plugins/com.st.stm32cube.ide.mcu.externaltools.gnu-tools-for-stm32.13.3.rel1.win32_1.0.0.202411081344/tools/bin/../lib/gcc/arm-none-eabi/13.3.1/../../../../arm-none-eabi/lib/thumb/v7e-m+fp/hard\libc_nano.a(libc_a-lseekr.o)
[...]
Memory Configuration

Name             Origin             Length             Attributes
CCMRAM           0x10000000         0x00002000         xrw
RAM              0x20000000         0x00008000         xrw
FLASH            0x08000000         0x00020000         xr
*default*        0x00000000         0xffffffff

Linker script and memory map

LOAD C:/ST/STM32CubeIDE_1.19.0/STM32CubeIDE/plugins/com.st.stm32cube.ide.mcu.externaltools.gnu-tools-for-stm32.13.3.rel1.win32_1.0.0.202411081344/tools/bin/../lib/gcc/arm-none-eabi/13.3.1/thumb/v7e-m+fp/hard/crti.o
LOAD C:/ST/STM32CubeIDE_1.19.0/STM32CubeIDE/plugins/com.st.stm32cube.ide.mcu.externaltools.gnu-tools-for-stm32.13.3.rel1.win32_1.0.0.202411081344/tools/bin/../lib/gcc/arm-none-eabi/13.3.1/thumb/v7e-m+fp/hard/crtbegin.o
LOAD C:/ST/STM32CubeIDE_1.19.0/STM32CubeIDE/plugins/com.st.stm32cube.ide.mcu.externaltools.gnu-tools-for-stm32.13.3.rel1.win32_1.0.0.202411081344/tools/bin/../lib/gcc/arm-none-eabi/13.3.1/../../../../arm-none-eabi/lib/thumb/v7e-m+fp/hard/crt0.o
LOAD ./Core/Src/main.o
LOAD ./Core/Src/stm32f3xx_hal_msp.o
LOAD ./Core/Src/stm32f3xx_it.o
LOAD ./Core/Src/syscalls.o
LOAD ./Core/Src/sysmem.o
LOAD ./Core/Src/system_stm32f3xx.o
LOAD ./Core/Src/tasks/can_receive.o
LOAD ./Core/Src/tasks/can_transmit.o
LOAD ./Core/Src/tasks/control.o
LOAD ./Core/Src/tasks/loop.o
LOAD ./Core/Startup/startup_stm32f303cbtx.o
LOAD ./Drivers/STM32F3xx_HAL_Driver/Src/stm32f3xx_hal.o
LOAD ./Drivers/STM32F3xx_HAL_Driver/Src/stm32f3xx_hal_adc.o
LOAD ./Drivers/STM32F3xx_HAL_Driver/Src/stm32f3xx_hal_adc_ex.o
LOAD ./Drivers/STM32F3xx_HAL_Driver/Src/stm32f3xx_hal_can.o
LOAD ./Drivers/STM32F3xx_HAL_Driver/Src/stm32f3xx_hal_cortex.o
LOAD ./Drivers/STM32F3xx_HAL_Driver/Src/stm32f3xx_hal_dma.o
LOAD ./Drivers/STM32F3xx_HAL_Driver/Src/stm32f3xx_hal_exti.o
LOAD ./Drivers/STM32F3xx_HAL_Driver/Src/stm32f3xx_hal_flash.o
LOAD ./Drivers/STM32F3xx_HAL_Driver/Src/stm32f3xx_hal_flash_ex.o
LOAD ./Drivers/STM32F3xx_HAL_Driver/Src/stm32f3xx_hal_gpio.o
LOAD ./Drivers/STM32F3xx_HAL_Driver/Src/stm32f3xx_hal_i2c.o
LOAD ./Drivers/STM32F3xx_HAL_Driver/Src/stm32f3xx_hal_i2c_ex.o
LOAD ./Drivers/STM32F3xx_HAL_Driver/Src/stm32f3xx_hal_pwr.o
LOAD ./Drivers/STM32F3xx_HAL_Driver/Src/stm32f3xx_hal_pwr_ex.o
LOAD ./Drivers/STM32F3xx_HAL_Driver/Src/stm32f3xx_hal_rcc.o
LOAD ./Drivers/STM32F3xx_HAL_Driver/Src/stm32f3xx_hal_rcc_ex.o
LOAD ./Drivers/STM32F3xx_HAL_Driver/Src/stm32f3xx_hal_tim.o
LOAD ./Drivers/STM32F3xx_HAL_Driver/Src/stm32f3xx_hal_tim_ex.o
START GROUP
LOAD C:/ST/STM32CubeIDE_1.19.0/STM32CubeIDE/plugins/com.st.stm32cube.ide.mcu.externaltools.gnu-tools-for-stm32.13.3.rel1.win32_1.0.0.202411081344/tools/bin/../lib/gcc/arm-none-eabi/13.3.1/../../../../arm-none-eabi/lib/thumb/v7e-m+fp/hard\libc_nano.a
LOAD C:/ST/STM32CubeIDE_1.19.0/STM32CubeIDE/plugins/com.st.stm32cube.ide.mcu.externaltools.gnu-tools-for-stm32.13.3.rel1.win32_1.0.0.202411081344/tools/bin/../lib/gcc/arm-none-eabi/13.3.1/../../../../arm-none-eabi/lib/thumb/v7e-m+fp/hard\libm.a
END GROUP
START GROUP
LOAD C:/ST/STM32CubeIDE_1.19.0/STM32CubeIDE/plugins/com.st.stm32cube.ide.mcu.externaltools.gnu-tools-for-stm32.13.3.rel1.win32_1.0.0.202411081344/tools/bin/../lib/gcc/arm-none-eabi/13.3.1/thumb/v7e-m+fp/hard\libgcc.a
LOAD C:/ST/STM32CubeIDE_1.19.0/STM32CubeIDE/plugins/com.st.stm32cube.ide.mcu.externaltools.gnu-tools-for-stm32.13.3.rel1.win32_1.0.0.202411081344/tools/bin/../lib/gcc/arm-none-eabi/13.3.1/../../../../arm-none-eabi/lib/thumb/v7e-m+fp/hard\libc_nano.a
END GROUP
START GROUP
LOAD C:/ST/STM32CubeIDE_1.19.0/STM32CubeIDE/plugins/com.st.stm32cube.ide.mcu.externaltools.gnu-tools-for-stm32.13.3.rel1.win32_1.0.0.202411081344/tools/bin/../lib/gcc/arm-none-eabi/13.3.1/thumb/v7e-m+fp/hard\libgcc.a
LOAD C:/ST/STM32CubeIDE_1.19.0/STM32CubeIDE/plugins/com.st.stm32cube.ide.mcu.externaltools.gnu-tools-for-stm32.13.3.rel1.win32_1.0.0.202411081344/tools/bin/../lib/gcc/arm-none-eabi/13.3.1/../../../../arm-none-eabi/lib/thumb/v7e-m+fp/hard\libc_nano.a
LOAD C:/ST/STM32CubeIDE_1.19.0/STM32CubeIDE/plugins/com.st.stm32cube.ide.mcu.externaltools.gnu-tools-for-stm32.13.3.rel1.win32_1.0.0.202411081344/tools/bin/../lib/gcc/arm-none-eabi/13.3.1/../../../../arm-none-eabi/lib/thumb/v7e-m+fp/hard\libnosys.a
END GROUP
START GROUP
LOAD C:/ST/STM32CubeIDE_1.19.0/STM32CubeIDE/plugins/com.st.stm32cube.ide.mcu.externaltools.gnu-tools-for-stm32.13.3.rel1.win32_1.0.0.202411081344/tools/bin/../lib/gcc/arm-none-eabi/13.3.1/thumb/v7e-m+fp/hard\libgcc.a
LOAD C:/ST/STM32CubeIDE_1.19.0/STM32CubeIDE/plugins/com.st.stm32cube.ide.mcu.externaltools.gnu-tools-for-stm32.13.3.rel1.win32_1.0.0.202411081344/tools/bin/../lib/gcc/arm-none-eabi/13.3.1/../../../../arm-none-eabi/lib/thumb/v7e-m+fp/hard\libc_nano.a
LOAD C:/ST/STM32CubeIDE_1.19.0/STM32CubeIDE/plugins/com.st.stm32cube.ide.mcu.externaltools.gnu-tools-for-stm32.13.3.rel1.win32_1.0.0.202411081344/tools/bin/../lib/gcc/arm-none-eabi/13.3.1/../../../../arm-none-eabi/lib/thumb/v7e-m+fp/hard\libnosys.a
END GROUP
LOAD C:/ST/STM32CubeIDE_1.19.0/STM32CubeIDE/plugins/com.st.stm32cube.ide.mcu.externaltools.gnu-tools-for-stm32.13.3.rel1.win32_1.0.0.202411081344/tools/bin/../lib/gcc/arm-none-eabi/13.3.1/thumb/v7e-m+fp/hard/crtend.o
LOAD C:/ST/STM32CubeIDE_1.19.0/STM32CubeIDE/plugins/com.st.stm32cube.ide.mcu.externaltools.gnu-tools-for-stm32.13.3.rel1.win32_1.0.0.202411081344/tools/bin/../lib/gcc/arm-none-eabi/13.3.1/thumb/v7e-m+fp/hard/crtn.o
                0x20008000                        _estack = (ORIGIN (RAM) + LENGTH (RAM))
                0x00000200                        _Min_Heap_Size = 0x200
                0x00000400                        _Min_Stack_Size = 0x400

.isr_vector     0x08000000      0x188
                0x08000000                        . = ALIGN (0x4)
 *(.isr_vector)
 .isr_vector    0x08000000      0x188 ./Core/Startup/startup_stm32f303cbtx.o
                0x08000000                g_pfnVectors
                0x08000188                        . = ALIGN (0x4)

.text           0x08000188     0x49e4
                0x08000188                        . = ALIGN (0x4)
 *(.text)
 .text          0x08000188       0x40 C:/ST/STM32CubeIDE_1.19.0/STM32CubeIDE/plugins/com.st.stm32cube.ide.mcu.externaltools.gnu-tools-for-stm32.13.3.rel1.win32_1.0.0.202411081344/tools/bin/../lib/gcc/arm-none-eabi/13.3.1/thumb/v7e-m+fp/hard/crtbegin.o
 *(.text*)
 .text.main     0x080001c8       0x5c ./Core/Src/main.o
                0x080001c8                main
 .text.SystemClock_Config
                0x08000224       0xb8 ./Core/Src/main.o
                0x08000224                SystemClock_Config
 .text.MX_ADC4_Init
                0x080002dc       0xbc ./Core/Src/main.o
 .text.MX_CAN_Init
                0x08000398       0xa8 ./Core/Src/main.o
 .text.MX_TIM2_Init
                0x08000440       0x9c ./Core/Src/main.o
 .text.MX_TIM3_Init
                0x080004dc       0xa0 ./Core/Src/main.o
 .text.MX_GPIO_Init
                0x0800057c      0x158 ./Core/Src/main.o
 .text.Error_Handler
                0x080006d4        0xc ./Core/Src/main.o
                0x080006d4                Error_Handler
 .text.HAL_MspInit
                0x080006e0       0x48 ./Core/Src/stm32f3xx_hal_msp.o
                0x080006e0                HAL_MspInit
 .text.HAL_ADC_MspInit
                0x08000728       0x80 ./Core/Src/stm32f3xx_hal_msp.o
                0x08000728                HAL_ADC_MspInit
 .text.HAL_CAN_MspInit
                0x080007a8       0x98 ./Core/Src/stm32f3xx_hal_msp.o
                0x080007a8                HAL_CAN_MspInit
 .text.HAL_TIM_Base_MspInit
                0x08000840       0x80 ./Core/Src/stm32f3xx_hal_msp.o
                0x08000840                HAL_TIM_Base_MspInit
 .text.NMI_Handler
                0x080008c0        0x8 ./Core/Src/stm32f3xx_it.o
                0x080008c0                NMI_Handler
 .text.HardFault_Handler
                0x080008c8        0x8 ./Core/Src/stm32f3xx_it.o
                0x080008c8                HardFault_Handler
 .text.MemManage_Handler
                0x080008d0        0x8 ./Core/Src/stm32f3xx_it.o
                0x080008d0                MemManage_Handler
 .text.BusFault_Handler
                0x080008d8        0x8 ./Core/Src/stm32f3xx_it.o
                0x080008d8                BusFault_Handler
 .text.UsageFault_Handler
                0x080008e0        0x8 ./Core/Src/stm32f3xx_it.o
                0x080008e0                UsageFault_Handler
 .text.SVC_Handler
                0x080008e8        0xe ./Core/Src/stm32f3xx_it.o
                0x080008e8                SVC_Handler
 .text.DebugMon_Handler
                0x080008f6        0xe ./Core/Src/stm32f3xx_it.o
                0x080008f6                DebugMon_Handler
 .text.PendSV_Handler
                0x08000904        0xe ./Core/Src/stm32f3xx_it.o
                0x08000904                PendSV_Handler
 .text.SysTick_Handler
                0x08000912        0xc ./Core/Src/stm32f3xx_it.o
                0x08000912                SysTick_Handler
 *fill*         0x0800091e        0x2 
 .text.SystemInit
                0x08000920       0x24 ./Core/Src/system_stm32f3xx.o
                0x08000920                SystemInit
 .text.USB_LP_CAN_RX0_IRQHandler
                0x08000944       0x40 ./Core/Src/tasks/can_receive.o
                0x08000944                USB_LP_CAN_RX0_IRQHandler
 .text.Can_Transmit_Auxiliary_Activity_Check
                0x08000984       0x30 ./Core/Src/tasks/can_transmit.o
                0x08000984                Can_Transmit_Auxiliary_Activity_Check
 .text.TIM2_IRQHandler
                0x080009b4       0x4c ./Core/Src/tasks/control.o
                0x080009b4                TIM2_IRQHandler
 .text.TIM3_IRQHandler
                0x08000a00       0x80 ./Core/Src/tasks/control.o
                0x08000a00                TIM3_IRQHandler
 .text.Update_Aux_State
                0x08000a80      0x1f4 ./Core/Src/tasks/control.o
                0x08000a80                Update_Aux_State
 .text.loop     0x08000c74       0x38 ./Core/Src/tasks/loop.o
                0x08000c74                loop
 .text.Reset_Handler
                0x08000cac       0x50 ./Core/Startup/startup_stm32f303cbtx.o
                0x08000cac                Reset_Handler
 .text.Default_Handler
                0x08000cfc        0x2 ./Core/Startup/startup_stm32f303cbtx.o
                0x08000cfc                RTC_Alarm_IRQHandler
                0x08000cfc                TIM8_TRG_COM_IRQHandler
                0x08000cfc                TIM8_CC_IRQHandler
                0x08000cfc                TIM1_CC_IRQHandler
                0x08000cfc                USB_HP_IRQHandler
                0x08000cfc                PVD_IRQHandler
                0x08000cfc                TAMP_STAMP_IRQHandler
                0x08000cfc                EXTI3_IRQHandler
                0x08000cfc                USB_HP_CAN_TX_IRQHandler
                0x08000cfc                EXTI0_IRQHandler
                0x08000cfc                I2C2_EV_IRQHandler
                0x08000cfc                FPU_IRQHandler
                0x08000cfc                TIM1_UP_TIM16_IRQHandler
                0x08000cfc                ADC1_2_IRQHandler
                0x08000cfc                SPI1_IRQHandler
                0x08000cfc                CAN_SCE_IRQHandler
                0x08000cfc                TIM6_DAC_IRQHandler
                0x08000cfc                TIM8_UP_IRQHandler
                0x08000cfc                DMA2_Channel2_IRQHandler
                0x08000cfc                DMA1_Channel4_IRQHandler
                0x08000cfc                USART3_IRQHandler
                0x08000cfc                DMA1_Channel7_IRQHandler
                0x08000cfc                UART5_IRQHandler
                0x08000cfc                ADC3_IRQHandler
                0x08000cfc                TIM4_IRQHandler
                0x08000cfc                CAN_RX1_IRQHandler
                0x08000cfc                DMA2_Channel1_IRQHandler
                0x08000cfc                I2C1_EV_IRQHandler
                0x08000cfc                DMA1_Channel6_IRQHandler
                0x08000cfc                UART4_IRQHandler
                0x08000cfc                DMA2_Channel4_IRQHandler
                0x08000cfc                RCC_IRQHandler
                0x08000cfc                DMA1_Channel1_IRQHandler
                0x08000cfc                Default_Handler
                0x08000cfc                USBWakeUp_RMP_IRQHandler
                0x08000cfc                EXTI15_10_IRQHandler
                0x08000cfc                TIM7_IRQHandler
                0x08000cfc                EXTI9_5_IRQHandler
                0x08000cfc                RTC_WKUP_IRQHandler
                0x08000cfc                SPI2_IRQHandler
                0x08000cfc                DMA2_Channel5_IRQHandler
                0x08000cfc                DMA1_Channel5_IRQHandler
                0x08000cfc                USB_LP_IRQHandler
                0x08000cfc                EXTI4_IRQHandler
                0x08000cfc                TIM1_TRG_COM_TIM17_IRQHandler
                0x08000cfc                DMA1_Channel3_IRQHandler
                0x08000cfc                ADC4_IRQHandler
                0x08000cfc                WWDG_IRQHandler
                0x08000cfc                COMP7_IRQHandler
                0x08000cfc                COMP1_2_3_IRQHandler
                0x08000cfc                EXTI1_IRQHandler
                0x08000cfc                USART2_IRQHandler
                0x08000cfc                COMP4_5_6_IRQHandler
                0x08000cfc                I2C2_ER_IRQHandler
                0x08000cfc                DMA1_Channel2_IRQHandler
                0x08000cfc                TIM8_BRK_IRQHandler
                0x08000cfc                FLASH_IRQHandler
                0x08000cfc                USART1_IRQHandler
                0x08000cfc                SPI3_IRQHandler
                0x08000cfc                I2C1_ER_IRQHandler
                0x08000cfc                USBWakeUp_IRQHandler
                0x08000cfc                DMA2_Channel3_IRQHandler
                0x08000cfc                EXTI2_TSC_IRQHandler
                0x08000cfc                TIM1_BRK_TIM15_IRQHandler
 *fill*         0x08000cfe        0x2 
 .text.HAL_Init
                0x08000d00       0x2c ./Drivers/STM32F3xx_HAL_Driver/Src/stm32f3xx_hal.o
                0x08000d00                HAL_Init
 .text.HAL_InitTick
                0x08000d2c       0x60 ./Drivers/STM32F3xx_HAL_Driver/Src/stm32f3xx_hal.o
                0x08000d2c                HAL_InitTick
 .text.HAL_IncTick
                0x08000d8c       0x28 ./Drivers/STM32F3xx_HAL_Driver/Src/stm32f3xx_hal.o
                0x08000d8c                HAL_IncTick
 .text.HAL_GetTick
                0x08000db4       0x18 ./Drivers/STM32F3xx_HAL_Driver/Src/stm32f3xx_hal.o
                0x08000db4                HAL_GetTick
 .text.HAL_Delay
                0x08000dcc       0x48 ./Drivers/STM32F3xx_HAL_Driver/Src/stm32f3xx_hal.o
                0x08000dcc                HAL_Delay
 .text.HAL_ADC_Init
                0x08000e14      0x3c0 ./Drivers/STM32F3xx_HAL_Driver/Src/stm32f3xx_hal_adc_ex.o
                0x08000e14                HAL_ADC_Init
 .text.HAL_ADC_ConfigChannel
                0x080011d4      0x5d4 ./Drivers/STM32F3xx_HAL_Driver/Src/stm32f3xx_hal_adc_ex.o
                0x080011d4                HAL_ADC_ConfigChannel
 .text.ADC_Disable
                0x080017a8       0xcc ./Drivers/STM32F3xx_HAL_Driver/Src/stm32f3xx_hal_adc_ex.o
 .text.HAL_CAN_Init
                0x08001874      0x1f6 ./Drivers/STM32F3xx_HAL_Driver/Src/stm32f3xx_hal_can.o
                0x08001874                HAL_CAN_Init
 .text.HAL_CAN_ConfigFilter
                0x08001a6a      0x194 ./Drivers/STM32F3xx_HAL_Driver/Src/stm32f3xx_hal_can.o
                0x08001a6a                HAL_CAN_ConfigFilter
 .text.HAL_CAN_Start
                0x08001bfe       0x88 ./Drivers/STM32F3xx_HAL_Driver/Src/stm32f3xx_hal_can.o
                0x08001bfe                HAL_CAN_Start
 .text.HAL_CAN_AddTxMessage
                0x08001c86      0x1a0 ./Drivers/STM32F3xx_HAL_Driver/Src/stm32f3xx_hal_can.o
                0x08001c86                HAL_CAN_AddTxMessage
 .text.HAL_CAN_GetRxMessage
                0x08001e26      0x244 ./Drivers/STM32F3xx_HAL_Driver/Src/stm32f3xx_hal_can.o
                0x08001e26                HAL_CAN_GetRxMessage
 .text.HAL_CAN_ActivateNotification
                0x0800206a       0x4c ./Drivers/STM32F3xx_HAL_Driver/Src/stm32f3xx_hal_can.o
                0x0800206a                HAL_CAN_ActivateNotification
 .text.HAL_CAN_IRQHandler
                0x080020b6      0x36e ./Drivers/STM32F3xx_HAL_Driver/Src/stm32f3xx_hal_can.o
                0x080020b6                HAL_CAN_IRQHandler
 .text.HAL_CAN_TxMailbox0CompleteCallback
                0x08002424       0x14 ./Drivers/STM32F3xx_HAL_Driver/Src/stm32f3xx_hal_can.o
                0x08002424                HAL_CAN_TxMailbox0CompleteCallback
 .text.HAL_CAN_TxMailbox1CompleteCallback
                0x08002438       0x14 ./Drivers/STM32F3xx_HAL_Driver/Src/stm32f3xx_hal_can.o
                0x08002438                HAL_CAN_TxMailbox1CompleteCallback
 .text.HAL_CAN_TxMailbox2CompleteCallback
                0x0800244c       0x14 ./Drivers/STM32F3xx_HAL_Driver/Src/stm32f3xx_hal_can.o
                0x0800244c                HAL_CAN_TxMailbox2CompleteCallback
 .text.HAL_CAN_TxMailbox0AbortCallback
                0x08002460       0x14 ./Drivers/STM32F3xx_HAL_Driver/Src/stm32f3xx_hal_can.o
                0x08002460                HAL_CAN_TxMailbox0AbortCallback
 .text.HAL_CAN_TxMailbox1AbortCallback
                0x08002474       0x14 ./Drivers/STM32F3xx_HAL_Driver/Src/stm32f3xx_hal_can.o
                0x08002474                HAL_CAN_TxMailbox1AbortCallback
 .text.HAL_CAN_TxMailbox2AbortCallback
                0x08002488       0x14 ./Drivers/STM32F3xx_HAL_Driver/Src/stm32f3xx_hal_can.o
                0x08002488                HAL_CAN_TxMailbox2AbortCallback
 .text.HAL_CAN_RxFifo0MsgPendingCallback
                0x0800249c       0x14 ./Drivers/STM32F3xx_HAL_Driver/Src/stm32f3xx_hal_can.o
                0x0800249c                HAL_CAN_RxFifo0MsgPendingCallback
 .text.HAL_CAN_RxFifo0FullCallback
                0x080024b0       0x14 ./Drivers/STM32F3xx_HAL_Driver/Src/stm32f3xx_hal_can.o
                0x080024b0                HAL_CAN_RxFifo0FullCallback
 .text.HAL_CAN_RxFifo1MsgPendingCallback
                0x080024c4       0x14 ./Drivers/STM32F3xx_HAL_Driver/Src/stm32f3xx_hal_can.o
                0x080024c4                HAL_CAN_RxFifo1MsgPendingCallback
 .text.HAL_CAN_RxFifo1FullCallback
                0x080024d8       0x14 ./Drivers/STM32F3xx_HAL_Driver/Src/stm32f3xx_hal_can.o
                0x080024d8                HAL_CAN_RxFifo1FullCallback
 .text.HAL_CAN_SleepCallback
                0x080024ec       0x14 ./Drivers/STM32F3xx_HAL_Driver/Src/stm32f3xx_hal_can.o
                0x080024ec                HAL_CAN_SleepCallback
 .text.HAL_CAN_WakeUpFromRxMsgCallback
                0x08002500       0x14 ./Drivers/STM32F3xx_HAL_Driver/Src/stm32f3xx_hal_can.o
                0x08002500                HAL_CAN_WakeUpFromRxMsgCallback
 .text.HAL_CAN_ErrorCallback
                0x08002514       0x14 ./Drivers/STM32F3xx_HAL_Driver/Src/stm32f3xx_hal_can.o
                0x08002514                HAL_CAN_ErrorCallback
 .text.__NVIC_SetPriorityGrouping
                0x08002528       0x48 ./Drivers/STM32F3xx_HAL_Driver/Src/stm32f3xx_hal_cortex.o
 .text.__NVIC_GetPriorityGrouping
                0x08002570       0x1c ./Drivers/STM32F3xx_HAL_Driver/Src/stm32f3xx_hal_cortex.o
 .text.__NVIC_EnableIRQ
                0x0800258c       0x3c ./Drivers/STM32F3xx_HAL_Driver/Src/stm32f3xx_hal_cortex.o
 .text.__NVIC_SetPriority
                0x080025c8       0x54 ./Drivers/STM32F3xx_HAL_Driver/Src/stm32f3xx_hal_cortex.o
 .text.NVIC_EncodePriority
                0x0800261c       0x66 ./Drivers/STM32F3xx_HAL_Driver/Src/stm32f3xx_hal_cortex.o
 *fill*         0x08002682        0x2 
 .text.SysTick_Config
                0x08002684       0x44 ./Drivers/STM32F3xx_HAL_Driver/Src/stm32f3xx_hal_cortex.o
 .text.HAL_NVIC_SetPriorityGrouping
                0x080026c8       0x16 ./Drivers/STM32F3xx_HAL_Driver/Src/stm32f3xx_hal_cortex.o
                0x080026c8                HAL_NVIC_SetPriorityGrouping
 .text.HAL_NVIC_SetPriority
                0x080026de       0x38 ./Drivers/STM32F3xx_HAL_Driver/Src/stm32f3xx_hal_cortex.o
                0x080026de                HAL_NVIC_SetPriority
 .text.HAL_NVIC_EnableIRQ
                0x08002716       0x1c ./Drivers/STM32F3xx_HAL_Driver/Src/stm32f3xx_hal_cortex.o
                0x08002716                HAL_NVIC_EnableIRQ
 .text.HAL_SYSTICK_Config
                0x08002732       0x18 ./Drivers/STM32F3xx_HAL_Driver/Src/stm32f3xx_hal_cortex.o
                0x08002732                HAL_SYSTICK_Config
 *fill*         0x0800274a        0x2 
 .text.HAL_GPIO_Init
                0x0800274c      0x2f4 ./Drivers/STM32F3xx_HAL_Driver/Src/stm32f3xx_hal_gpio.o
                0x0800274c                HAL_GPIO_Init
 .text.HAL_GPIO_ReadPin
                0x08002a40       0x30 ./Drivers/STM32F3xx_HAL_Driver/Src/stm32f3xx_hal_gpio.o
                0x08002a40                HAL_GPIO_ReadPin
 .text.HAL_GPIO_WritePin
                0x08002a70       0x30 ./Drivers/STM32F3xx_HAL_Driver/Src/stm32f3xx_hal_gpio.o
                0x08002a70                HAL_GPIO_WritePin
 .text.HAL_GPIO_TogglePin
                0x08002aa0       0x34 ./Drivers/STM32F3xx_HAL_Driver/Src/stm32f3xx_hal_gpio.o
                0x08002aa0                HAL_GPIO_TogglePin
 .text.HAL_RCC_OscConfig
                0x08002ad4     0x101c ./Drivers/STM32F3xx_HAL_Driver/Src/stm32f3xx_hal_rcc.o
                0x08002ad4                HAL_RCC_OscConfig
 .text.HAL_RCC_ClockConfig
                0x08003af0      0x2dc ./Drivers/STM32F3xx_HAL_Driver/Src/stm32f3xx_hal_rcc.o
                0x08003af0                HAL_RCC_ClockConfig
 .text.HAL_RCC_GetSysClockFreq
                0x08003dcc       0xac ./Drivers/STM32F3xx_HAL_Driver/Src/stm32f3xx_hal_rcc.o
                0x08003dcc                HAL_RCC_GetSysClockFreq
 .text.HAL_RCCEx_PeriphCLKConfig
                0x08003e78      0x35c ./Drivers/STM32F3xx_HAL_Driver/Src/stm32f3xx_hal_rcc_ex.o
                0x08003e78                HAL_RCCEx_PeriphCLKConfig
 .text.HAL_TIM_Base_Init
                0x080041d4       0xae ./Drivers/STM32F3xx_HAL_Driver/Src/stm32f3xx_hal_tim.o
                0x080041d4                HAL_TIM_Base_Init
 *fill*         0x08004282        0x2 
 .text.HAL_TIM_Base_Start_IT
                0x08004284       0xd4 ./Drivers/STM32F3xx_HAL_Driver/Src/stm32f3xx_hal_tim.o
                0x08004284                HAL_TIM_Base_Start_IT
 .text.HAL_TIM_IRQHandler
                0x08004358      0x204 ./Drivers/STM32F3xx_HAL_Driver/Src/stm32f3xx_hal_tim.o
                0x08004358                HAL_TIM_IRQHandler
 .text.HAL_TIM_ConfigClockSource
                0x0800455c      0x192 ./Drivers/STM32F3xx_HAL_Driver/Src/stm32f3xx_hal_tim.o
                0x0800455c                HAL_TIM_ConfigClockSource
 .text.HAL_TIM_PeriodElapsedCallback
                0x080046ee       0x14 ./Drivers/STM32F3xx_HAL_Driver/Src/stm32f3xx_hal_tim.o
                0x080046ee                HAL_TIM_PeriodElapsedCallback
 .text.HAL_TIM_OC_DelayElapsedCallback
                0x08004702       0x14 ./Drivers/STM32F3xx_HAL_Driver/Src/stm32f3xx_hal_tim.o
                0x08004702                HAL_TIM_OC_DelayElapsedCallback
 .text.HAL_TIM_IC_CaptureCallback
                0x08004716       0x14 ./Drivers/STM32F3xx_HAL_Driver/Src/stm32f3xx_hal_tim.o
                0x08004716                HAL_TIM_IC_CaptureCallback
 .text.HAL_TIM_PWM_PulseFinishedCallback
                0x0800472a       0x14 ./Drivers/STM32F3xx_HAL_Driver/Src/stm32f3xx_hal_tim.o
                0x0800472a                HAL_TIM_PWM_PulseFinishedCallback
 .text.HAL_TIM_TriggerCallback
                0x0800473e       0x14 ./Drivers/STM32F3xx_HAL_Driver/Src/stm32f3xx_hal_tim.o
                0x0800473e                HAL_TIM_TriggerCallback
 *fill*         0x08004752        0x2 
 .text.TIM_Base_SetConfig
                0x08004754      0x138 ./Drivers/STM32F3xx_HAL_Driver/Src/stm32f3xx_hal_tim.o
                0x08004754                TIM_Base_SetConfig
 .text.TIM_TI1_ConfigInputStage
                0x0800488c       0x5e ./Drivers/STM32F3xx_HAL_Driver/Src/stm32f3xx_hal_tim.o
 .text.TIM_TI2_ConfigInputStage
                0x080048ea       0x60 ./Drivers/STM32F3xx_HAL_Driver/Src/stm32f3xx_hal_tim.o
 .text.TIM_ITRx_SetConfig
                0x0800494a       0x36 ./Drivers/STM32F3xx_HAL_Driver/Src/stm32f3xx_hal_tim.o
 .text.TIM_ETR_SetConfig
                0x08004980       0x40 ./Drivers/STM32F3xx_HAL_Driver/Src/stm32f3xx_hal_tim.o
                0x08004980                TIM_ETR_SetConfig
 .text.HAL_TIMEx_MasterConfigSynchronization
                0x080049c0      0x100 ./Drivers/STM32F3xx_HAL_Driver/Src/stm32f3xx_hal_tim_ex.o
                0x080049c0                HAL_TIMEx_MasterConfigSynchronization
 .text.HAL_TIMEx_CommutCallback
                0x08004ac0       0x14 ./Drivers/STM32F3xx_HAL_Driver/Src/stm32f3xx_hal_tim_ex.o
                0x08004ac0                HAL_TIMEx_CommutCallback
 .text.HAL_TIMEx_BreakCallback
                0x08004ad4       0x14 ./Drivers/STM32F3xx_HAL_Driver/Src/stm32f3xx_hal_tim_ex.o
                0x08004ad4                HAL_TIMEx_BreakCallback
 .text.HAL_TIMEx_Break2Callback
                0x08004ae8       0x14 ./Drivers/STM32F3xx_HAL_Driver/Src/stm32f3xx_hal_tim_ex.o
                0x08004ae8                HAL_TIMEx_Break2Callback
 .text.memset   0x08004afc       0x10 C:/ST/STM32CubeIDE_1.19.0/STM32CubeIDE/plugins/com.st.stm32cube.ide.mcu.externaltools.gnu-tools-for-stm32.13.3.rel1.win32_1.0.0.202411081344/tools/bin/../lib/gcc/arm-none-eabi/13.3.1/../../../../arm-none-eabi/lib/thumb/v7e-m+fp/hard\libc_nano.a(libc_a-memset.o)
                0x08004afc                memset
 .text.__libc_init_array
                0x08004b0c       0x48 C:/ST/STM32CubeIDE_1.19.0/STM32CubeIDE/plugins/com.st.stm32cube.ide.mcu.externaltools.gnu-tools-for-stm32.13.3.rel1.win32_1.0.0.202411081344/tools/bin/../lib/gcc/arm-none-eabi/13.3.1/../../../../arm-none-eabi/lib/thumb/v7e-m+fp/hard\libc_nano.a(libc_a-init.o)
                0x08004b0c                __libc_init_array
 *(.glue_7)
 .glue_7        0x08004b54        0x0 linker stubs
 *(.glue_7t)
 .glue_7t       0x08004b54        0x0 linker stubs
 *(.eh_frame)
 .eh_frame      0x08004b54        0x0 C:/ST/STM32CubeIDE_1.19.0/STM32CubeIDE/plugins/com.st.stm32cube.ide.mcu.externaltools.gnu-tools-for-stm32.13.3.rel1.win32_1.0.0.202411081344/tools/bin/../lib/gcc/arm-none-eabi/13.3.1/thumb/v7e-m+fp/hard/crtbegin.o
 *(.init)
 .init          0x08004b54        0x4 C:/ST/STM32CubeIDE_1.19.0/STM32CubeIDE/plugins/com.st.stm32cube.ide.mcu.externaltools.gnu-tools-for-stm32.13.3.rel1.win32_1.0.0.202411081344/tools/bin/../lib/gcc/arm-none-eabi/13.3.1/thumb/v7e-m+fp/hard/crti.o
                0x08004b54                _init
 .init          0x08004b58        0x8 C:/ST/STM32CubeIDE_1.19.0/STM32CubeIDE/plugins/com.st.stm32cube.ide.mcu.externaltools.gnu-tools-for-stm32.13.3.rel1.win32_1.0.0.202411081344/tools/bin/../lib/gcc/arm-none-eabi/13.3.1/thumb/v7e-m+fp/hard/crtn.o
 *(.fini)
 .fini          0x08004b60        0x4 C:/ST/STM32CubeIDE_1.19.0/STM32CubeIDE/plugins/com.st.stm32cube.ide.mcu.externaltools.gnu-tools-for-stm32.13.3.rel1.win32_1.0.0.202411081344/tools/bin/../lib/gcc/arm-none-eabi/13.3.1/thumb/v7e-m+fp/hard/crti.o
                0x08004b60                _fini
 .fini          0x08004b64        0x8 C:/ST/STM32CubeIDE_1.19.0/STM32CubeIDE/plugins/com.st.stm32cube.ide.mcu.externaltools.gnu-tools-for-stm32.13.3.rel1.win32_1.0.0.202411081344/tools/bin/../lib/gcc/arm-none-eabi/13.3.1/thumb/v7e-m+fp/hard/crtn.o
                0x08004b6c                        . = ALIGN (0x4)
                0x08004b6c                        _etext = .

.vfp11_veneer   0x08004b6c        0x0
 .vfp11_veneer  0x08004b6c        0x0 linker stubs

.v4_bx          0x08004b6c        0x0
 .v4_bx         0x08004b6c        0x0 linker stubs

.iplt           0x08004b6c        0x0
 .iplt          0x08004b6c        0x0 C:/ST/STM32CubeIDE_1.19.0/STM32CubeIDE/plugins/com.st.stm32cube.ide.mcu.externaltools.gnu-tools-for-stm32.13.3.rel1.win32_1.0.0.202411081344/tools/bin/../lib/gcc/arm-none-eabi/13.3.1/thumb/v7e-m+fp/hard/crtbegin.o

.rodata         0x08004b6c       0x48
                0x08004b6c                        . = ALIGN (0x4)
 *(.rodata)
 *(.rodata*)
 .rodata.AHBPrescTable
                0x08004b6c       0x10 ./Core/Src/system_stm32f3xx.o
                0x08004b6c                AHBPrescTable
 .rodata.TxHeader.1
                0x08004b7c       0x18 ./Core/Src/tasks/can_transmit.o
 .rodata.aPLLMULFactorTable
                0x08004b94       0x10 ./Drivers/STM32F3xx_HAL_Driver/Src/stm32f3xx_hal_rcc.o
 .rodata.aPredivFactorTable
                0x08004ba4       0x10 ./Drivers/STM32F3xx_HAL_Driver/Src/stm32f3xx_hal_rcc.o
                0x08004bb4                        . = ALIGN (0x4)

.rel.dyn        0x08004bb4        0x0
 .rel.iplt      0x08004bb4        0x0 C:/ST/STM32CubeIDE_1.19.0/STM32CubeIDE/plugins/com.st.stm32cube.ide.mcu.externaltools.gnu-tools-for-stm32.13.3.rel1.win32_1.0.0.202411081344/tools/bin/../lib/gcc/arm-none-eabi/13.3.1/thumb/v7e-m+fp/hard/crtbegin.o

.ARM.extab      0x08004bb4        0x0
                0x08004bb4                        . = ALIGN (0x4)
 *(.ARM.extab* .gnu.linkonce.armextab.*)
                0x08004bb4                        . = ALIGN (0x4)

.ARM            0x08004bb4        0x0
                0x08004bb4                        . = ALIGN (0x4)
                0x08004bb4                        __exidx_start = .
 *(.ARM.exidx*)
                0x08004bb4                        __exidx_end = .
                0x08004bb4                        . = ALIGN (0x4)

.preinit_array  0x08004bb4        0x0
                0x08004bb4                        . = ALIGN (0x4)
                0x08004bb4                        PROVIDE (__preinit_array_start = .)
 *(.preinit_array*)
                0x08004bb4                        PROVIDE (__preinit_array_end = .)
                0x08004bb4                        . = ALIGN (0x4)

.init_array     0x08004bb4        0x4
                0x08004bb4                        . = ALIGN (0x4)
                0x08004bb4                        PROVIDE (__init_array_start = .)
 *(SORT_BY_NAME(.init_array.*))
 *(.init_array*)
 .init_array    0x08004bb4        0x4 C:/ST/STM32CubeIDE_1.19.0/STM32CubeIDE/plugins/com.st.stm32cube.ide.mcu.externaltools.gnu-tools-for-stm32.13.3.rel1.win32_1.0.0.202411081344/tools/bin/../lib/gcc/arm-none-eabi/13.3.1/thumb/v7e-m+fp/hard/crtbegin.o
                0x08004bb8                        PROVIDE (__init_array_end = .)
                0x08004bb8                        . = ALIGN (0x4)

.fini_array     0x08004bb8        0x4
                0x08004bb8                        . = ALIGN (0x4)
                [!provide]                        PROVIDE (__fini_array_start = .)
 *(SORT_BY_NAME(.fini_array.*))
 *(.fini_array*)
 .fini_array    0x08004bb8        0x4 C:/ST/STM32CubeIDE_1.19.0/STM32CubeIDE/plugins/com.st.stm32cube.ide.mcu.externaltools.gnu-tools-for-stm32.13.3.rel1.win32_1.0.0.202411081344/tools/bin/../lib/gcc/arm-none-eabi/13.3.1/thumb/v7e-m+fp/hard/crtbegin.o
                [!provide]                        PROVIDE (__fini_array_end = .)
                0x08004bbc                        . = ALIGN (0x4)
                0x08004bbc                        _sidata = LOADADDR (.data)

.data           0x20000000       0x10 load address 0x08004bbc
                0x20000000                        . = ALIGN (0x4)
                0x20000000                        _sdata = .
 *(.data)
 *(.data*)
 .data.SystemCoreClock
                0x20000000        0x4 ./Core/Src/system_stm32f3xx.o
                0x20000000                SystemCoreClock
 .data.auxiliary
                0x20000004        0x4 ./Core/Src/tasks/control.o
                0x20000004                auxiliary
 .data.uwTickPrio
                0x20000008        0x4 ./Drivers/STM32F3xx_HAL_Driver/Src/stm32f3xx_hal.o
                0x20000008                uwTickPrio
 .data.uwTickFreq
                0x2000000c        0x1 ./Drivers/STM32F3xx_HAL_Driver/Src/stm32f3xx_hal.o
                0x2000000c                uwTickFreq
 *(.RamFunc)
 *(.RamFunc*)
                0x20000010                        . = ALIGN (0x4)
 *fill*         0x2000000d        0x3 
                0x20000010                        _edata = .
                0x08004bcc                        _siccmram = LOADADDR (.ccmram)

.igot.plt       0x20000010        0x0 load address 0x08004bcc
 .igot.plt      0x20000010        0x0 C:/ST/STM32CubeIDE_1.19.0/STM32CubeIDE/plugins/com.st.stm32cube.ide.mcu.externaltools.gnu-tools-for-stm32.13.3.rel1.win32_1.0.0.202411081344/tools/bin/../lib/gcc/arm-none-eabi/13.3.1/thumb/v7e-m+fp/hard/crtbegin.o

.ccmram         0x10000000        0x0 load address 0x08004bcc
                0x10000000                        . = ALIGN (0x4)
                0x10000000                        _sccmram = .
 *(.ccmram)
 *(.ccmram*)
                0x10000000                        . = ALIGN (0x4)
                0x10000000                        _eccmram = .
                0x10000000                        . = ALIGN (0x4)

.bss            0x20000010      0x160
                0x20000010                        _sbss = .
                0x20000010                        __bss_start__ = _sbss
 *(.bss)
 .bss           0x20000010       0x1c C:/ST/STM32CubeIDE_1.19.0/STM32CubeIDE/plugins/com.st.stm32cube.ide.mcu.externaltools.gnu-tools-for-stm32.13.3.rel1.win32_1.0.0.202411081344/tools/bin/../lib/gcc/arm-none-eabi/13.3.1/thumb/v7e-m+fp/hard/crtbegin.o
 *(.bss*)
 .bss.hadc4     0x2000002c       0x50 ./Core/Src/main.o
                0x2000002c                hadc4
 .bss.hcan      0x2000007c       0x28 ./Core/Src/main.o
                0x2000007c                hcan
 .bss.htim2     0x200000a4       0x4c ./Core/Src/main.o
                0x200000a4                htim2
 .bss.htim3     0x200000f0       0x4c ./Core/Src/main.o
                0x200000f0                htim3
 .bss.Rx_Dash_Header.1
                0x2000013c       0x1c ./Core/Src/tasks/can_receive.o
 .bss.Rx_Dash_Data.0
                0x20000158        0x1 ./Core/Src/tasks/can_receive.o
 *fill*         0x20000159        0x3 
 .bss.TxMailBox.0
                0x2000015c        0x4 ./Core/Src/tasks/can_transmit.o
 .bss.Toggle_State_Right
                0x20000160        0x1 ./Core/Src/tasks/control.o
                0x20000160                Toggle_State_Right
 .bss.Toggle_State_Left
                0x20000161        0x1 ./Core/Src/tasks/control.o
                0x20000161                Toggle_State_Left
 .bss.Offline_Mode_Switch
                0x20000162        0x1 ./Core/Src/tasks/control.o
                0x20000162                Offline_Mode_Switch
 .bss.Sign_Left_500ms_Timer
                0x20000163        0x1 ./Core/Src/tasks/control.o
                0x20000163                Sign_Left_500ms_Timer
 .bss.Sign_Right_500ms_Timer
                0x20000164        0x1 ./Core/Src/tasks/control.o
                0x20000164                Sign_Right_500ms_Timer
 .bss.Dash_Activity
                0x20000165        0x1 ./Core/Src/tasks/control.o
                0x20000165                Dash_Activity
 *fill*         0x20000166        0x2 
 .bss.aux       0x20000168        0x1 ./Core/Src/tasks/control.o
                0x20000168                aux
 .bss.timer     0x20000169        0x1 ./Core/Src/tasks/control.o
 .bss.status.0  0x2000016a        0x1 ./Core/Src/tasks/loop.o
 *fill*         0x2000016b        0x1 
 .bss.uwTick    0x2000016c        0x4 ./Drivers/STM32F3xx_HAL_Driver/Src/stm32f3xx_hal.o
                0x2000016c                uwTick
 *(COMMON)
                0x20000170                        . = ALIGN (0x4)
                0x20000170                        _ebss = .
                0x20000170                        __bss_end__ = _ebss

._user_heap_stack
                0x20000170      0x600
                0x20000170                        . = ALIGN (0x8)
                [!provide]                        PROVIDE (end = .)
                0x20000170                        PROVIDE (_end = .)
                0x20000370                        . = (. + _Min_Heap_Size)
 *fill*         0x20000170      0x200 
                0x20000770                        . = (. + _Min_Stack_Size)
 *fill*         0x20000370      0x400 
                0x20000770                        . = ALIGN (0x8)

/DISCARD/
 libc.a(*)
 libm.a(*)
 libgcc.a(*)

.ARM.attributes
                0x00000000       0x30
 *(.ARM.attributes)
 .ARM.attributes
                0x00000000       0x22 C:/ST/STM32CubeIDE_1.19.0/STM32CubeIDE/plugins/com.st.stm32cube.ide.mcu.externaltools.gnu-tools-for-stm32.13.3.rel1.win32_1.0.0.202411081344/tools/bin/../lib/gcc/arm-none-eabi/13.3.1/thumb/v7e-m+fp/hard/crti.o
 .ARM.attributes
                0x00000022       0x34 C:/ST/STM32CubeIDE_1.19.0/STM32CubeIDE/plugins/com.st.stm32cube.ide.mcu.externaltools.gnu-tools-for-stm32.13.3.rel1.win32_1.0.0.202411081344/tools/bin/../lib/gcc/arm-none-eabi/13.3.1/thumb/v7e-m+fp/hard/crtbegin.o
 .ARM.attributes
                0x00000056       0x34 ./Core/Src/main.o
 .ARM.attributes
                0x0000008a       0x34 ./Core/Src/stm32f3xx_hal_msp.o
 .ARM.attributes
                0x000000be       0x34 ./Core/Src/stm32f3xx_it.o
 .ARM.attributes
                0x000000f2       0x34 ./Core/Src/system_stm32f3xx.o
 .ARM.attributes
                0x00000126       0x34 ./Core/Src/tasks/can_receive.o
 .ARM.attributes
                0x0000015a       0x34 ./Core/Src/tasks/can_transmit.o
 .ARM.attributes
                0x0000018e       0x34 ./Core/Src/tasks/control.o
 .ARM.attributes
                0x000001c2       0x34 ./Core/Src/tasks/loop.o
 .ARM.attributes
                0x000001f6       0x21 ./Core/Startup/startup_stm32f303cbtx.o
 .ARM.attributes
                0x00000217       0x34 ./Drivers/STM32F3xx_HAL_Driver/Src/stm32f3xx_hal.o
 .ARM.attributes
                0x0000024b       0x34 ./Drivers/STM32F3xx_HAL_Driver/Src/stm32f3xx_hal_adc_ex.o
 .ARM.attributes
                0x0000027f       0x34 ./Drivers/STM32F3xx_HAL_Driver/Src/stm32f3xx_hal_can.o
 .ARM.attributes
                0x000002b3       0x34 ./Drivers/STM32F3xx_HAL_Driver/Src/stm32f3xx_hal_cortex.o
 .ARM.attributes
                0x000002e7       0x34 ./Drivers/STM32F3xx_HAL_Driver/Src/stm32f3xx_hal_gpio.o
 .ARM.attributes
                0x0000031b       0x34 ./Drivers/STM32F3xx_HAL_Driver/Src/stm32f3xx_hal_rcc.o
 .ARM.attributes
                0x0000034f       0x34 ./Drivers/STM32F3xx_HAL_Driver/Src/stm32f3xx_hal_rcc_ex.o
 .ARM.attributes
                0x00000383       0x34 ./Drivers/STM32F3xx_HAL_Driver/Src/stm32f3xx_hal_tim.o
 .ARM.attributes
                0x000003b7       0x34 ./Drivers/STM32F3xx_HAL_Driver/Src/stm32f3xx_hal_tim_ex.o
 .ARM.attributes
                0x000003eb       0x34 C:/ST/STM32CubeIDE_1.19.0/STM32CubeIDE/plugins/com.st.stm32cube.ide.mcu.externaltools.gnu-tools-for-stm32.13.3.rel1.win32_1.0.0.202411081344/tools/bin/../lib/gcc/arm-none-eabi/13.3.1/../../../../arm-none-eabi/lib/thumb/v7e-m+fp/hard\libc_nano.a(libc_a-memset.o)
 .ARM.attributes
                0x0000041f       0x34 C:/ST/STM32CubeIDE_1.19.0/STM32CubeIDE/plugins/com.st.stm32cube.ide.mcu.externaltools.gnu-tools-for-stm32.13.3.rel1.win32_1.0.0.202411081344/tools/bin/../lib/gcc/arm-none-eabi/13.3.1/../../../../arm-none-eabi/lib/thumb/v7e-m+fp/hard\libc_nano.a(libc_a-init.o)
 .ARM.attributes
                0x00000453       0x22 C:/ST/STM32CubeIDE_1.19.0/STM32CubeIDE/plugins/com.st.stm32cube.ide.mcu.externaltools.gnu-tools-for-stm32.13.3.rel1.win32_1.0.0.202411081344/tools/bin/../lib/gcc/arm-none-eabi/13.3.1/thumb/v7e-m+fp/hard/crtn.o
OUTPUT(WSC_Auxiliary.elf elf32-littlearm)
LOAD linker stubs
LOAD C:/ST/STM32CubeIDE_1.19.0/STM32CubeIDE/plugins/com.st.stm32cube.ide.mcu.externaltools.gnu-tools-for-stm32.13.3.rel1.win32_1.0.0.202411081344/tools/bin/../lib/gcc/arm-none-eabi/13.3.1/../../../../arm-none-eabi/lib/thumb/v7e-m+fp/hard\libc.a
LOAD C:/ST/STM32CubeIDE_1.19.0/STM32CubeIDE/plugins/com.st.stm32cube.ide.mcu.externaltools.gnu-tools-for-stm32.13.3.rel1.win32_1.0.0.202411081344/tools/bin/../lib/gcc/arm-none-eabi/13.3.1/../../../../arm-none-eabi/lib/thumb/v7e-m+fp/hard\libm.a
LOAD C:/ST/STM32CubeIDE_1.19.0/STM32CubeIDE/plugins/com.st.stm32cube.ide.mcu.externaltools.gnu-tools-for-stm32.13.3.rel1.win32_1.0.0.202411081344/tools/bin/../lib/gcc/arm-none-eabi/13.3.1/thumb/v7e-m+fp/hard\libgcc.a

.debug_info     0x00000000     0xe4ae
 .debug_info    0x00000000     0x171d ./Core/Src/main.o
 .debug_info    0x0000171d     0x1395 ./Core/Src/stm32f3xx_hal_msp.o
 .debug_info    0x00002ab2      0x113 ./Core/Src/stm32f3xx_it.o
 .debug_info    0x00002bc5      0x407 ./Core/Src/system_stm32f3xx.o
 .debug_info    0x00002fcc      0x644 ./Core/Src/tasks/can_receive.o
 .debug_info    0x00003610      0x57a ./Core/Src/tasks/can_transmit.o
 .debug_info    0x00003b8a      0xd6e ./Core/Src/tasks/control.o
 .debug_info    0x000048f8      0x1ec ./Core/Src/tasks/loop.o
 .debug_info    0x00004ae4       0x30 ./Core/Startup/startup_stm32f303cbtx.o
 .debug_info    0x00004b14      0x7d4 ./Drivers/STM32F3xx_HAL_Driver/Src/stm32f3xx_hal.o
 .debug_info    0x000052e8     0x15b2 ./Drivers/STM32F3xx_HAL_Driver/Src/stm32f3xx_hal_adc_ex.o
 .debug_info    0x0000689a      0xf12 ./Drivers/STM32F3xx_HAL_Driver/Src/stm32f3xx_hal_can.o
 .debug_info    0x000077ac      0xce4 ./Drivers/STM32F3xx_HAL_Driver/Src/stm32f3xx_hal_cortex.o
 .debug_info    0x00008490      0x5fe ./Drivers/STM32F3xx_HAL_Driver/Src/stm32f3xx_hal_gpio.o
 .debug_info    0x00008a8e     0x148a ./Drivers/STM32F3xx_HAL_Driver/Src/stm32f3xx_hal_rcc.o
 .debug_info    0x00009f18      0x5b9 ./Drivers/STM32F3xx_HAL_Driver/Src/stm32f3xx_hal_rcc_ex.o
 .debug_info    0x0000a4d1     0x2a70 ./Drivers/STM32F3xx_HAL_Driver/Src/stm32f3xx_hal_tim.o
 .debug_info    0x0000cf41     0x156d ./Drivers/STM32F3xx_HAL_Driver/Src/stm32f3xx_hal_tim_ex.o

.debug_abbrev   0x00000000     0x2352
 .debug_abbrev  0x00000000      0x2ce ./Core/Src/main.o
 .debug_abbrev  0x000002ce      0x21b ./Core/Src/stm32f3xx_hal_msp.o
 .debug_abbrev  0x000004e9       0x73 ./Core/Src/stm32f3xx_it.o
 .debug_abbrev  0x0000055c      0x11a ./Core/Src/system_stm32f3xx.o
 .debug_abbrev  0x00000676      0x1db ./Core/Src/tasks/can_receive.o
 .debug_abbrev  0x00000851      0x174 ./Core/Src/tasks/can_transmit.o
 .debug_abbrev  0x000009c5      0x292 ./Core/Src/tasks/control.o
 .debug_abbrev  0x00000c57      0x103 ./Core/Src/tasks/loop.o
 .debug_abbrev  0x00000d5a       0x24 ./Core/Startup/startup_stm32f303cbtx.o
 .debug_abbrev  0x00000d7e      0x215 ./Drivers/STM32F3xx_HAL_Driver/Src/stm32f3xx_hal.o
 .debug_abbrev  0x00000f93      0x28e ./Drivers/STM32F3xx_HAL_Driver/Src/stm32f3xx_hal_adc_ex.o
 .debug_abbrev  0x00001221      0x22d ./Drivers/STM32F3xx_HAL_Driver/Src/stm32f3xx_hal_can.o
 .debug_abbrev  0x0000144e      0x31e ./Drivers/STM32F3xx_HAL_Driver/Src/stm32f3xx_hal_cortex.o
 .debug_abbrev  0x0000176c      0x1ca ./Drivers/STM32F3xx_HAL_Driver/Src/stm32f3xx_hal_gpio.o
 .debug_abbrev  0x00001936      0x300 ./Drivers/STM32F3xx_HAL_Driver/Src/stm32f3xx_hal_rcc.o
 .debug_abbrev  0x00001c36      0x221 ./Drivers/STM32F3xx_HAL_Driver/Src/stm32f3xx_hal_rcc_ex.o
 .debug_abbrev  0x00001e57      0x278 ./Drivers/STM32F3xx_HAL_Driver/Src/stm32f3xx_hal_tim.o
 .debug_abbrev  0x000020cf      0x283 ./Drivers/STM32F3xx_HAL_Driver/Src/stm32f3xx_hal_tim_ex.o

.debug_aranges  0x00000000      0xd08
 .debug_aranges
                0x00000000       0x58 ./Core/Src/main.o
 .debug_aranges
                0x00000058       0x50 ./Core/Src/stm32f3xx_hal_msp.o
 .debug_aranges
                0x000000a8       0x60 ./Core/Src/stm32f3xx_it.o
 .debug_aranges
                0x00000108       0x28 ./Core/Src/system_stm32f3xx.o
 .debug_aranges
                0x00000130       0x20 ./Core/Src/tasks/can_receive.o
 .debug_aranges
                0x00000150       0x20 ./Core/Src/tasks/can_transmit.o
 .debug_aranges
                0x00000170       0x38 ./Core/Src/tasks/control.o
 .debug_aranges
                0x000001a8       0x20 ./Core/Src/tasks/loop.o
 .debug_aranges
                0x000001c8       0x28 ./Core/Startup/startup_stm32f303cbtx.o
 .debug_aranges
                0x000001f0       0xe0 ./Drivers/STM32F3xx_HAL_Driver/Src/stm32f3xx_hal.o
 .debug_aranges
                0x000002d0      0x168 ./Drivers/STM32F3xx_HAL_Driver/Src/stm32f3xx_hal_adc_ex.o
 .debug_aranges
                0x00000438      0x138 ./Drivers/STM32F3xx_HAL_Driver/Src/stm32f3xx_hal_can.o
 .debug_aranges
                0x00000570      0x128 ./Drivers/STM32F3xx_HAL_Driver/Src/stm32f3xx_hal_cortex.o
 .debug_aranges
                0x00000698       0x58 ./Drivers/STM32F3xx_HAL_Driver/Src/stm32f3xx_hal_gpio.o
 .debug_aranges
                0x000006f0       0x88 ./Drivers/STM32F3xx_HAL_Driver/Src/stm32f3xx_hal_rcc.o
 .debug_aranges
                0x00000778       0x38 ./Drivers/STM32F3xx_HAL_Driver/Src/stm32f3xx_hal_rcc_ex.o
 .debug_aranges
                0x000007b0      0x3e0 ./Drivers/STM32F3xx_HAL_Driver/Src/stm32f3xx_hal_tim.o
 .debug_aranges
                0x00000b90      0x178 ./Drivers/STM32F3xx_HAL_Driver/Src/stm32f3xx_hal_tim_ex.o

.debug_rnglists
                0x00000000      0xa0b
 .debug_rnglists
                0x00000000       0x43 ./Core/Src/main.o
 .debug_rnglists
                0x00000043       0x3a ./Core/Src/stm32f3xx_hal_msp.o
 .debug_rnglists
                0x0000007d       0x43 ./Core/Src/stm32f3xx_it.o
 .debug_rnglists
                0x000000c0       0x1a ./Core/Src/system_stm32f3xx.o
 .debug_rnglists
                0x000000da       0x13 ./Core/Src/tasks/can_receive.o
 .debug_rnglists
                0x000000ed       0x13 ./Core/Src/tasks/can_transmit.o
 .debug_rnglists
                0x00000100       0x28 ./Core/Src/tasks/control.o
 .debug_rnglists
                0x00000128       0x13 ./Core/Src/tasks/loop.o
 .debug_rnglists
                0x0000013b       0x19 ./Core/Startup/startup_stm32f303cbtx.o
 .debug_rnglists
                0x00000154       0xa3 ./Drivers/STM32F3xx_HAL_Driver/Src/stm32f3xx_hal.o
 .debug_rnglists
                0x000001f7      0x126 ./Drivers/STM32F3xx_HAL_Driver/Src/stm32f3xx_hal_adc_ex.o
 .debug_rnglists
                0x0000031d       0xee ./Drivers/STM32F3xx_HAL_Driver/Src/stm32f3xx_hal_can.o
 .debug_rnglists
                0x0000040b       0xda ./Drivers/STM32F3xx_HAL_Driver/Src/stm32f3xx_hal_cortex.o
 .debug_rnglists
                0x000004e5       0x3f ./Drivers/STM32F3xx_HAL_Driver/Src/stm32f3xx_hal_gpio.o
 .debug_rnglists
                0x00000524       0x66 ./Drivers/STM32F3xx_HAL_Driver/Src/stm32f3xx_hal_rcc.o
 .debug_rnglists
                0x0000058a       0x28 ./Drivers/STM32F3xx_HAL_Driver/Src/stm32f3xx_hal_rcc_ex.o
 .debug_rnglists
                0x000005b2      0x328 ./Drivers/STM32F3xx_HAL_Driver/Src/stm32f3xx_hal_tim.o
 .debug_rnglists
                0x000008da      0x131 ./Drivers/STM32F3xx_HAL_Driver/Src/stm32f3xx_hal_tim_ex.o

.debug_macro    0x00000000    0x1e480
 .debug_macro   0x00000000      0x208 ./Core/Src/main.o
 .debug_macro   0x00000208      0xad8 ./Core/Src/main.o
 .debug_macro   0x00000ce0      0x15d ./Core/Src/main.o
 .debug_macro   0x00000e3d       0x2e ./Core/Src/main.o
 .debug_macro   0x00000e6b       0x28 ./Core/Src/main.o
 .debug_macro   0x00000e93       0x22 ./Core/Src/main.o
 .debug_macro   0x00000eb5       0x8e ./Core/Src/main.o
 .debug_macro   0x00000f43       0x51 ./Core/Src/main.o
 .debug_macro   0x00000f94      0x103 ./Core/Src/main.o
 .debug_macro   0x00001097       0x6a ./Core/Src/main.o
 .debug_macro   0x00001101      0x1df ./Core/Src/main.o
 .debug_macro   0x000012e0       0x1c ./Core/Src/main.o
 .debug_macro   0x000012fc       0x22 ./Core/Src/main.o
 .debug_macro   0x0000131e       0xd9 ./Core/Src/main.o
 .debug_macro   0x000013f7     0x102d ./Core/Src/main.o
 .debug_macro   0x00002424      0x11f ./Core/Src/main.o
 .debug_macro   0x00002543    0x12a3a ./Core/Src/main.o
 .debug_macro   0x00014f7d       0x6d ./Core/Src/main.o
 .debug_macro   0x00014fea     0x3574 ./Core/Src/main.o
 .debug_macro   0x0001855e      0x190 ./Core/Src/main.o
 .debug_macro   0x000186ee       0x55 ./Core/Src/main.o
 .debug_macro   0x00018743      0x961 ./Core/Src/main.o
 .debug_macro   0x000190a4      0x5fe ./Core/Src/main.o
 .debug_macro   0x000196a2      0x1b5 ./Core/Src/main.o
 .debug_macro   0x00019857      0x1fb ./Core/Src/main.o
 .debug_macro   0x00019a52      0x1dc ./Core/Src/main.o
 .debug_macro   0x00019c2e      0x1bc ./Core/Src/main.o
 .debug_macro   0x00019dea       0x30 ./Core/Src/main.o
 .debug_macro   0x00019e1a       0x3c ./Core/Src/main.o
 .debug_macro   0x00019e56      0x235 ./Core/Src/main.o
 .debug_macro   0x0001a08b      0x9b1 ./Core/Src/main.o
 .debug_macro   0x0001aa3c       0x77 ./Core/Src/main.o
 .debug_macro   0x0001aab3      0x408 ./Core/Src/main.o
 .debug_macro   0x0001aebb       0xc5 ./Core/Src/main.o
 .debug_macro   0x0001af80      0x21d ./Core/Src/main.o
 .debug_macro   0x0001b19d      0x22c ./Core/Src/main.o
 .debug_macro   0x0001b3c9       0x5b ./Core/Src/main.o
 .debug_macro   0x0001b424       0xa5 ./Core/Src/main.o
 .debug_macro   0x0001b4c9       0x81 ./Core/Src/main.o
 .debug_macro   0x0001b54a       0xd3 ./Core/Src/main.o
 .debug_macro   0x0001b61d      0xa60 ./Core/Src/main.o
 .debug_macro   0x0001c07d       0x89 ./Core/Src/main.o
 .debug_macro   0x0001c106      0x275 ./Core/Src/main.o
 .debug_macro   0x0001c37b       0x22 ./Core/Src/main.o
 .debug_macro   0x0001c39d      0x124 ./Core/Src/main.o
 .debug_macro   0x0001c4c1      0x208 ./Core/Src/stm32f3xx_hal_msp.o
 .debug_macro   0x0001c6c9      0x212 ./Core/Src/stm32f3xx_it.o
 .debug_macro   0x0001c8db      0x1e6 ./Core/Src/system_stm32f3xx.o
 .debug_macro   0x0001cac1      0x208 ./Core/Src/tasks/can_receive.o
 .debug_macro   0x0001ccc9      0x208 ./Core/Src/tasks/can_transmit.o
 .debug_macro   0x0001ced1      0x208 ./Core/Src/tasks/control.o
 .debug_macro   0x0001d0d9      0x208 ./Core/Src/tasks/loop.o
 .debug_macro   0x0001d2e1      0x20a ./Drivers/STM32F3xx_HAL_Driver/Src/stm32f3xx_hal.o
 .debug_macro   0x0001d4eb      0x210 ./Drivers/STM32F3xx_HAL_Driver/Src/stm32f3xx_hal_adc_ex.o
 .debug_macro   0x0001d6fb      0x1f5 ./Drivers/STM32F3xx_HAL_Driver/Src/stm32f3xx_hal_can.o
 .debug_macro   0x0001d8f0      0x1e6 ./Drivers/STM32F3xx_HAL_Driver/Src/stm32f3xx_hal_cortex.o
 .debug_macro   0x0001dad6      0x1ed ./Drivers/STM32F3xx_HAL_Driver/Src/stm32f3xx_hal_gpio.o
 .debug_macro   0x0001dcc3      0x20a ./Drivers/STM32F3xx_HAL_Driver/Src/stm32f3xx_hal_rcc.o
 .debug_macro   0x0001decd      0x1e6 ./Drivers/STM32F3xx_HAL_Driver/Src/stm32f3xx_hal_rcc_ex.o
 .debug_macro   0x0001e0b3      0x1e7 ./Drivers/STM32F3xx_HAL_Driver/Src/stm32f3xx_hal_tim.o
 .debug_macro   0x0001e29a      0x1e6 ./Drivers/STM32F3xx_HAL_Driver/Src/stm32f3xx_hal_tim_ex.o

.debug_line     0x00000000    0x11a92
 .debug_line    0x00000000      0xa17 ./Core/Src/main.o
 .debug_line    0x00000a17      0x88b ./Core/Src/stm32f3xx_hal_msp.o
 .debug_line    0x000012a2      0x844 ./Core/Src/stm32f3xx_it.o
 .debug_line    0x00001ae6      0x800 ./Core/Src/system_stm32f3xx.o
 .debug_line    0x000022e6      0x7a3 ./Core/Src/tasks/can_receive.o
 .debug_line    0x00002a89      0x793 ./Core/Src/tasks/can_transmit.o
 .debug_line    0x0000321c      0x949 ./Core/Src/tasks/control.o
 .debug_line    0x00003b65      0x794 ./Core/Src/tasks/loop.o
 .debug_line    0x000042f9       0x7a ./Core/Startup/startup_stm32f303cbtx.o
 .debug_line    0x00004373      0xa3c ./Drivers/STM32F3xx_HAL_Driver/Src/stm32f3xx_hal.o
 .debug_line    0x00004daf     0x262a ./Drivers/STM32F3xx_HAL_Driver/Src/stm32f3xx_hal_adc_ex.o
 .debug_line    0x000073d9     0x122d ./Drivers/STM32F3xx_HAL_Driver/Src/stm32f3xx_hal_can.o
 .debug_line    0x00008606      0xd07 ./Drivers/STM32F3xx_HAL_Driver/Src/stm32f3xx_hal_cortex.o
 .debug_line    0x0000930d      0xb87 ./Drivers/STM32F3xx_HAL_Driver/Src/stm32f3xx_hal_gpio.o
 .debug_line    0x00009e94     0x159c ./Drivers/STM32F3xx_HAL_Driver/Src/stm32f3xx_hal_rcc.o
 .debug_line    0x0000b430      0xdd8 ./Drivers/STM32F3xx_HAL_Driver/Src/stm32f3xx_hal_rcc_ex.o
 .debug_line    0x0000c208     0x3e21 ./Drivers/STM32F3xx_HAL_Driver/Src/stm32f3xx_hal_tim.o
 .debug_line    0x00010029     0x1a69 ./Drivers/STM32F3xx_HAL_Driver/Src/stm32f3xx_hal_tim_ex.o

.debug_str      0x00000000    0xba45c
 .debug_str     0x00000000    0xba45c ./Core/Src/main.o
                              0xb781a (size before relaxing)
 .debug_str     0x000ba45c    0xb770d ./Core/Src/stm32f3xx_hal_msp.o
 .debug_str     0x000ba45c    0xb6841 ./Core/Src/stm32f3xx_it.o
 .debug_str     0x000ba45c    0xb6292 ./Core/Src/system_stm32f3xx.o
 .debug_str     0x000ba45c    0xb6b77 ./Core/Src/tasks/can_receive.o
 .debug_str     0x000ba45c    0xb6b03 ./Core/Src/tasks/can_transmit.o
 .debug_str     0x000ba45c    0xb712f ./Core/Src/tasks/control.o
 .debug_str     0x000ba45c    0xb684f ./Core/Src/tasks/loop.o
 .debug_str     0x000ba45c       0x78 ./Core/Startup/startup_stm32f303cbtx.o
 .debug_str     0x000ba45c    0xb6ad0 ./Drivers/STM32F3xx_HAL_Driver/Src/stm32f3xx_hal.o
 .debug_str     0x000ba45c    0xb6f98 ./Drivers/STM32F3xx_HAL_Driver/Src/stm32f3xx_hal_adc_ex.o
 .debug_str     0x000ba45c    0xb6a21 ./Drivers/STM32F3xx_HAL_Driver/Src/stm32f3xx_hal_can.o
 .debug_str     0x000ba45c    0xb6b54 ./Drivers/STM32F3xx_HAL_Driver/Src/stm32f3xx_hal_cortex.o
 .debug_str     0x000ba45c    0xb63ff ./Drivers/STM32F3xx_HAL_Driver/Src/stm32f3xx_hal_gpio.o
 .debug_str     0x000ba45c    0xb6732 ./Drivers/STM32F3xx_HAL_Driver/Src/stm32f3xx_hal_rcc.o
 .debug_str     0x000ba45c    0xb64f6 ./Drivers/STM32F3xx_HAL_Driver/Src/stm32f3xx_hal_rcc_ex.o
 .debug_str     0x000ba45c    0xb76c9 ./Drivers/STM32F3xx_HAL_Driver/Src/stm32f3xx_hal_tim.o
 .debug_str     0x000ba45c    0xb6f0f ./Drivers/STM32F3xx_HAL_Driver/Src/stm32f3xx_hal_tim_ex.o

.comment        0x00000000       0x43
 .comment       0x00000000       0x43 ./Core/Src/main.o
                                 0x44 (size before relaxing)
 .comment       0x00000043       0x44 ./Core/Src/stm32f3xx_hal_msp.o
 .comment       0x00000043       0x44 ./Core/Src/stm32f3xx_it.o
 .comment       0x00000043       0x44 ./Core/Src/system_stm32f3xx.o
 .comment       0x00000043       0x44 ./Core/Src/tasks/can_receive.o
 .comment       0x00000043       0x44 ./Core/Src/tasks/can_transmit.o
 .comment       0x00000043       0x44 ./Core/Src/tasks/control.o
 .comment       0x00000043       0x44 ./Core/Src/tasks/loop.o
 .comment       0x00000043       0x44 ./Drivers/STM32F3xx_HAL_Driver/Src/stm32f3xx_hal.o
 .comment       0x00000043       0x44 ./Drivers/STM32F3xx_HAL_Driver/Src/stm32f3xx_hal_adc_ex.o
 .comment       0x00000043       0x44 ./Drivers/STM32F3xx_HAL_Driver/Src/stm32f3xx_hal_can.o
 .comment       0x00000043       0x44 ./Drivers/STM32F3xx_HAL_Driver/Src/stm32f3xx_hal_cortex.o
 .comment       0x00000043       0x44 ./Drivers/STM32F3xx_HAL_Driver/Src/stm32f3xx_hal_gpio.o
 .comment       0x00000043       0x44 ./Drivers/STM32F3xx_HAL_Driver/Src/stm32f3xx_hal_rcc.o
 .comment       0x00000043       0x44 ./Drivers/STM32F3xx_HAL_Driver/Src/stm32f3xx_hal_rcc_ex.o
 .comment       0x00000043       0x44 ./Drivers/STM32F3xx_HAL_Driver/Src/stm32f3xx_hal_tim.o
 .comment       0x00000043       0x44 ./Drivers/STM32F3xx_HAL_Driver/Src/stm32f3xx_hal_tim_ex.o

.debug_frame    0x00000000     0x35b8
 .debug_frame   0x00000000      0x120 ./Core/Src/main.o
 .debug_frame   0x00000120      0x110 ./Core/Src/stm32f3xx_hal_msp.o
 .debug_frame   0x00000230      0x104 ./Core/Src/stm32f3xx_it.o
 .debug_frame   0x00000334       0x58 ./Core/Src/system_stm32f3xx.o
 .debug_frame   0x0000038c       0x2c ./Core/Src/tasks/can_receive.o
 .debug_frame   0x000003b8       0x38 ./Core/Src/tasks/can_transmit.o
 .debug_frame   0x000003f0       0xa0 ./Core/Src/tasks/control.o
 .debug_frame   0x00000490       0x2c ./Core/Src/tasks/loop.o
 .debug_frame   0x000004bc      0x334 ./Drivers/STM32F3xx_HAL_Driver/Src/stm32f3xx_hal.o
 .debug_frame   0x000007f0      0x644 ./Drivers/STM32F3xx_HAL_Driver/Src/stm32f3xx_hal_adc_ex.o
 .debug_frame   0x00000e34      0x5a0 ./Drivers/STM32F3xx_HAL_Driver/Src/stm32f3xx_hal_can.o
 .debug_frame   0x000013d4      0x4e8 ./Drivers/STM32F3xx_HAL_Driver/Src/stm32f3xx_hal_cortex.o
 .debug_frame   0x000018bc      0x14c ./Drivers/STM32F3xx_HAL_Driver/Src/stm32f3xx_hal_gpio.o
 .debug_frame   0x00001a08      0x214 ./Drivers/STM32F3xx_HAL_Driver/Src/stm32f3xx_hal_rcc.o
 .debug_frame   0x00001c1c       0xb0 ./Drivers/STM32F3xx_HAL_Driver/Src/stm32f3xx_hal_rcc_ex.o
 .debug_frame   0x00001ccc     0x1218 ./Drivers/STM32F3xx_HAL_Driver/Src/stm32f3xx_hal_tim.o
 .debug_frame   0x00002ee4      0x688 ./Drivers/STM32F3xx_HAL_Driver/Src/stm32f3xx_hal_tim_ex.o
 .debug_frame   0x0000356c       0x20 C:/ST/STM32CubeIDE_1.19.0/STM32CubeIDE/plugins/com.st.stm32cube.ide.mcu.externaltools.gnu-tools-for-stm32.13.3.rel1.win32_1.0.0.202411081344/tools/bin/../lib/gcc/arm-none-eabi/13.3.1/../../../../arm-none-eabi/lib/thumb/v7e-m+fp/hard\libc_nano.a(libc_a-memset.o)
 .debug_frame   0x0000358c       0x2c C:/ST/STM32CubeIDE_1.19.0/STM32CubeIDE/plugins/com.st.stm32cube.ide.mcu.externaltools.gnu-tools-for-stm32.13.3.rel1.win32_1.0.0.202411081344/tools/bin/../lib/gcc/arm-none-eabi/13.3.1/../../../../arm-none-eabi/lib/thumb/v7e-m+fp/hard\libc_nano.a(libc_a-init.o)

.debug_line_str
                0x00000000       0x5c
 .debug_line_str
                0x00000000       0x5c ./Core/Startup/startup_stm32f303cbtx.o
