Archive member included to satisfy reference by file (symbol)

C:/ST/STM32CubeIDE_1.16.0/STM32CubeIDE/plugins/com.st.stm32cube.ide.mcu.externaltools.gnu-tools-for-stm32.12.3.rel1.win32_1.0.200.202406191623/tools/bin/../lib/gcc/arm-none-eabi/12.3.1/../../../../arm-none-eabi/lib/thumb/v7e-m+fp/hard\libc_nano.a(libc_a-exit.o)
                              C:/ST/STM32CubeIDE_1.16.0/STM32CubeIDE/plugins/com.st.stm32cube.ide.mcu.externaltools.gnu-tools-for-stm32.12.3.rel1.win32_1.0.200.202406191623/tools/bin/../lib/gcc/arm-none-eabi/12.3.1/../../../../arm-none-eabi/lib/thumb/v7e-m+fp/hard/crt0.o (exit)
C:/ST/STM32CubeIDE_1.16.0/STM32CubeIDE/plugins/com.st.stm32cube.ide.mcu.externaltools.gnu-tools-for-stm32.12.3.rel1.win32_1.0.200.202406191623/tools/bin/../lib/gcc/arm-none-eabi/12.3.1/../../../../arm-none-eabi/lib/thumb/v7e-m+fp/hard\libc_nano.a(libc_a-findfp.o)
                              C:/ST/STM32CubeIDE_1.16.0/STM32CubeIDE/plugins/com.st.stm32cube.ide.mcu.externaltools.gnu-tools-for-stm32.12.3.rel1.win32_1.0.200.202406191623/tools/bin/../lib/gcc/arm-none-eabi/12.3.1/../../../../arm-none-eabi/lib/thumb/v7e-m+fp/hard\libc_nano.a(libc_a-exit.o) (__stdio_exit_handler)
C:/ST/STM32CubeIDE_1.16.0/STM32CubeIDE/plugins/com.st.stm32cube.ide.mcu.externaltools.gnu-tools-for-stm32.12.3.rel1.win32_1.0.200.202406191623/tools/bin/../lib/gcc/arm-none-eabi/12.3.1/../../../../arm-none-eabi/lib/thumb/v7e-m+fp/hard\libc_nano.a(libc_a-fwalk.o)
                              C:/ST/STM32CubeIDE_1.16.0/STM32CubeIDE/plugins/com.st.stm32cube.ide.mcu.externaltools.gnu-tools-for-stm32.12.3.rel1.win32_1.0.200.202406191623/tools/bin/../lib/gcc/arm-none-eabi/12.3.1/../../../../arm-none-eabi/lib/thumb/v7e-m+fp/hard\libc_nano.a(libc_a-findfp.o) (_fwalk_sglue)
C:/ST/STM32CubeIDE_1.16.0/STM32CubeIDE/plugins/com.st.stm32cube.ide.mcu.externaltools.gnu-tools-for-stm32.12.3.rel1.win32_1.0.200.202406191623/tools/bin/../lib/gcc/arm-none-eabi/12.3.1/../../../../arm-none-eabi/lib/thumb/v7e-m+fp/hard\libc_nano.a(libc_a-stdio.o)
                              C:/ST/STM32CubeIDE_1.16.0/STM32CubeIDE/plugins/com.st.stm32cube.ide.mcu.externaltools.gnu-tools-for-stm32.12.3.rel1.win32_1.0.200.202406191623/tools/bin/../lib/gcc/arm-none-eabi/12.3.1/../../../../arm-none-eabi/lib/thumb/v7e-m+fp/hard\libc_nano.a(libc_a-findfp.o) (__sread)
C:/ST/STM32CubeIDE_1.16.0/STM32CubeIDE/plugins/com.st.stm32cube.ide.mcu.externaltools.gnu-tools-for-stm32.12.3.rel1.win32_1.0.200.202406191623/tools/bin/../lib/gcc/arm-none-eabi/12.3.1/../../../../arm-none-eabi/lib/thumb/v7e-m+fp/hard\libc_nano.a(libc_a-memset.o)
                              C:/ST/STM32CubeIDE_1.16.0/STM32CubeIDE/plugins/com.st.stm32cube.ide.mcu.externaltools.gnu-tools-for-stm32.12.3.rel1.win32_1.0.200.202406191623/tools/bin/../lib/gcc/arm-none-eabi/12.3.1/../../../../arm-none-eabi/lib/thumb/v7e-m+fp/hard/crt0.o (memset)
C:/ST/STM32CubeIDE_1.16.0/STM32CubeIDE/plugins/com.st.stm32cube.ide.mcu.externaltools.gnu-tools-for-stm32.12.3.rel1.win32_1.0.200.202406191623/tools/bin/../lib/gcc/arm-none-eabi/12.3.1/../../../../arm-none-eabi/lib/thumb/v7e-m+fp/hard\libc_nano.a(libc_a-closer.o)
                              C:/ST/STM32CubeIDE_1.16.0/STM32CubeIDE/plugins/com.st.stm32cube.ide.mcu.externaltools.gnu-tools-for-stm32.12.3.rel1.win32_1.0.200.202406191623/tools/bin/../lib/gcc/arm-none-eabi/12.3.1/../../../../arm-none-eabi/lib/thumb/v7e-m+fp/hard\libc_nano.a(libc_a-stdio.o) (_close_r)
C:/ST/STM32CubeIDE_1.16.0/STM32CubeIDE/plugins/com.st.stm32cube.ide.mcu.externaltools.gnu-tools-for-stm32.12.3.rel1.win32_1.0.200.202406191623/tools/bin/../lib/gcc/arm-none-eabi/12.3.1/../../../../arm-none-eabi/lib/thumb/v7e-m+fp/hard\libc_nano.a(libc_a-reent.o)
                              C:/ST/STM32CubeIDE_1.16.0/STM32CubeIDE/plugins/com.st.stm32cube.ide.mcu.externaltools.gnu-tools-for-stm32.12.3.rel1.win32_1.0.200.202406191623/tools/bin/../lib/gcc/arm-none-eabi/12.3.1/../../../../arm-none-eabi/lib/thumb/v7e-m+fp/hard\libc_nano.a(libc_a-closer.o) (errno)
C:/ST/STM32CubeIDE_1.16.0/STM32CubeIDE/plugins/com.st.stm32cube.ide.mcu.externaltools.gnu-tools-for-stm32.12.3.rel1.win32_1.0.200.202406191623/tools/bin/../lib/gcc/arm-none-eabi/12.3.1/../../../../arm-none-eabi/lib/thumb/v7e-m+fp/hard\libc_nano.a(libc_a-impure.o)
                              C:/ST/STM32CubeIDE_1.16.0/STM32CubeIDE/plugins/com.st.stm32cube.ide.mcu.externaltools.gnu-tools-for-stm32.12.3.rel1.win32_1.0.200.202406191623/tools/bin/../lib/gcc/arm-none-eabi/12.3.1/../../../../arm-none-eabi/lib/thumb/v7e-m+fp/hard\libc_nano.a(libc_a-reent.o) (_impure_ptr)
C:/ST/STM32CubeIDE_1.16.0/STM32CubeIDE/plugins/com.st.stm32cube.ide.mcu.externaltools.gnu-tools-for-stm32.12.3.rel1.win32_1.0.200.202406191623/tools/bin/../lib/gcc/arm-none-eabi/12.3.1/../../../../arm-none-eabi/lib/thumb/v7e-m+fp/hard\libc_nano.a(libc_a-lseekr.o)
[...]
Memory Configuration

Name             Origin             Length             Attributes
CCMRAM           0x10000000         0x00002000         xrw
RAM              0x20000000         0x00008000         xrw
FLASH            0x08000000         0x00020000         xr
*default*        0x00000000         0xffffffff

Linker script and memory map

LOAD C:/ST/STM32CubeIDE_1.16.0/STM32CubeIDE/plugins/com.st.stm32cube.ide.mcu.externaltools.gnu-tools-for-stm32.12.3.rel1.win32_1.0.200.202406191623/tools/bin/../lib/gcc/arm-none-eabi/12.3.1/thumb/v7e-m+fp/hard/crti.o
LOAD C:/ST/STM32CubeIDE_1.16.0/STM32CubeIDE/plugins/com.st.stm32cube.ide.mcu.externaltools.gnu-tools-for-stm32.12.3.rel1.win32_1.0.200.202406191623/tools/bin/../lib/gcc/arm-none-eabi/12.3.1/thumb/v7e-m+fp/hard/crtbegin.o
LOAD C:/ST/STM32CubeIDE_1.16.0/STM32CubeIDE/plugins/com.st.stm32cube.ide.mcu.externaltools.gnu-tools-for-stm32.12.3.rel1.win32_1.0.200.202406191623/tools/bin/../lib/gcc/arm-none-eabi/12.3.1/../../../../arm-none-eabi/lib/thumb/v7e-m+fp/hard/crt0.o
LOAD ./Core/Src/main.o
LOAD ./Core/Src/stm32f3xx_hal_msp.o
LOAD ./Core/Src/stm32f3xx_it.o
LOAD ./Core/Src/syscalls.o
LOAD ./Core/Src/sysmem.o
LOAD ./Core/Src/system_stm32f3xx.o
LOAD ./Core/Src/tasks/can_receive.o
LOAD ./Core/Src/tasks/can_transmit.o
LOAD ./Core/Src/tasks/control.o
LOAD ./Core/Src/tasks/loop.o
LOAD ./Core/Startup/startup_stm32f303cbtx.o
LOAD ./Drivers/STM32F3xx_HAL_Driver/Src/stm32f3xx_hal.o
LOAD ./Drivers/STM32F3xx_HAL_Driver/Src/stm32f3xx_hal_adc.o
LOAD ./Drivers/STM32F3xx_HAL_Driver/Src/stm32f3xx_hal_adc_ex.o
LOAD ./Drivers/STM32F3xx_HAL_Driver/Src/stm32f3xx_hal_can.o
LOAD ./Drivers/STM32F3xx_HAL_Driver/Src/stm32f3xx_hal_cortex.o
LOAD ./Drivers/STM32F3xx_HAL_Driver/Src/stm32f3xx_hal_dma.o
LOAD ./Drivers/STM32F3xx_HAL_Driver/Src/stm32f3xx_hal_exti.o
LOAD ./Drivers/STM32F3xx_HAL_Driver/Src/stm32f3xx_hal_flash.o
LOAD ./Drivers/STM32F3xx_HAL_Driver/Src/stm32f3xx_hal_flash_ex.o
LOAD ./Drivers/STM32F3xx_HAL_Driver/Src/stm32f3xx_hal_gpio.o
LOAD ./Drivers/STM32F3xx_HAL_Driver/Src/stm32f3xx_hal_i2c.o
LOAD ./Drivers/STM32F3xx_HAL_Driver/Src/stm32f3xx_hal_i2c_ex.o
LOAD ./Drivers/STM32F3xx_HAL_Driver/Src/stm32f3xx_hal_pwr.o
LOAD ./Drivers/STM32F3xx_HAL_Driver/Src/stm32f3xx_hal_pwr_ex.o
LOAD ./Drivers/STM32F3xx_HAL_Driver/Src/stm32f3xx_hal_rcc.o
LOAD ./Drivers/STM32F3xx_HAL_Driver/Src/stm32f3xx_hal_rcc_ex.o
LOAD ./Drivers/STM32F3xx_HAL_Driver/Src/stm32f3xx_hal_tim.o
LOAD ./Drivers/STM32F3xx_HAL_Driver/Src/stm32f3xx_hal_tim_ex.o
START GROUP
LOAD C:/ST/STM32CubeIDE_1.16.0/STM32CubeIDE/plugins/com.st.stm32cube.ide.mcu.externaltools.gnu-tools-for-stm32.12.3.rel1.win32_1.0.200.202406191623/tools/bin/../lib/gcc/arm-none-eabi/12.3.1/../../../../arm-none-eabi/lib/thumb/v7e-m+fp/hard\libc_nano.a
LOAD C:/ST/STM32CubeIDE_1.16.0/STM32CubeIDE/plugins/com.st.stm32cube.ide.mcu.externaltools.gnu-tools-for-stm32.12.3.rel1.win32_1.0.200.202406191623/tools/bin/../lib/gcc/arm-none-eabi/12.3.1/../../../../arm-none-eabi/lib/thumb/v7e-m+fp/hard\libm.a
END GROUP
START GROUP
LOAD C:/ST/STM32CubeIDE_1.16.0/STM32CubeIDE/plugins/com.st.stm32cube.ide.mcu.externaltools.gnu-tools-for-stm32.12.3.rel1.win32_1.0.200.202406191623/tools/bin/../lib/gcc/arm-none-eabi/12.3.1/thumb/v7e-m+fp/hard\libgcc.a
LOAD C:/ST/STM32CubeIDE_1.16.0/STM32CubeIDE/plugins/com.st.stm32cube.ide.mcu.externaltools.gnu-tools-for-stm32.12.3.rel1.win32_1.0.200.202406191623/tools/bin/../lib/gcc/arm-none-eabi/12.3.1/../../../../arm-none-eabi/lib/thumb/v7e-m+fp/hard\libc_nano.a
END GROUP
START GROUP
LOAD C:/ST/STM32CubeIDE_1.16.0/STM32CubeIDE/plugins/com.st.stm32cube.ide.mcu.externaltools.gnu-tools-for-stm32.12.3.rel1.win32_1.0.200.202406191623/tools/bin/../lib/gcc/arm-none-eabi/12.3.1/thumb/v7e-m+fp/hard\libgcc.a
LOAD C:/ST/STM32CubeIDE_1.16.0/STM32CubeIDE/plugins/com.st.stm32cube.ide.mcu.externaltools.gnu-tools-for-stm32.12.3.rel1.win32_1.0.200.202406191623/tools/bin/../lib/gcc/arm-none-eabi/12.3.1/../../../../arm-none-eabi/lib/thumb/v7e-m+fp/hard\libc_nano.a
LOAD C:/ST/STM32CubeIDE_1.16.0/STM32CubeIDE/plugins/com.st.stm32cube.ide.mcu.externaltools.gnu-tools-for-stm32.12.3.rel1.win32_1.0.200.202406191623/tools/bin/../lib/gcc/arm-none-eabi/12.3.1/../../../../arm-none-eabi/lib/thumb/v7e-m+fp/hard\libnosys.a
END GROUP
START GROUP
LOAD C:/ST/STM32CubeIDE_1.16.0/STM32CubeIDE/plugins/com.st.stm32cube.ide.mcu.externaltools.gnu-tools-for-stm32.12.3.rel1.win32_1.0.200.202406191623/tools/bin/../lib/gcc/arm-none-eabi/12.3.1/thumb/v7e-m+fp/hard\libgcc.a
LOAD C:/ST/STM32CubeIDE_1.16.0/STM32CubeIDE/plugins/com.st.stm32cube.ide.mcu.externaltools.gnu-tools-for-stm32.12.3.rel1.win32_1.0.200.202406191623/tools/bin/../lib/gcc/arm-none-eabi/12.3.1/../../../../arm-none-eabi/lib/thumb/v7e-m+fp/hard\libc_nano.a
LOAD C:/ST/STM32CubeIDE_1.16.0/STM32CubeIDE/plugins/com.st.stm32cube.ide.mcu.externaltools.gnu-tools-for-stm32.12.3.rel1.win32_1.0.200.202406191623/tools/bin/../lib/gcc/arm-none-eabi/12.3.1/../../../../arm-none-eabi/lib/thumb/v7e-m+fp/hard\libnosys.a
END GROUP
LOAD C:/ST/STM32CubeIDE_1.16.0/STM32CubeIDE/plugins/com.st.stm32cube.ide.mcu.externaltools.gnu-tools-for-stm32.12.3.rel1.win32_1.0.200.202406191623/tools/bin/../lib/gcc/arm-none-eabi/12.3.1/thumb/v7e-m+fp/hard/crtend.o
LOAD C:/ST/STM32CubeIDE_1.16.0/STM32CubeIDE/plugins/com.st.stm32cube.ide.mcu.externaltools.gnu-tools-for-stm32.12.3.rel1.win32_1.0.200.202406191623/tools/bin/../lib/gcc/arm-none-eabi/12.3.1/thumb/v7e-m+fp/hard/crtn.o
                0x20008000                        _estack = (ORIGIN (RAM) + LENGTH (RAM))
                0x00000200                        _Min_Heap_Size = 0x200
                0x00000400                        _Min_Stack_Size = 0x400

.isr_vector     0x08000000      0x188
                0x08000000                        . = ALIGN (0x4)
 *(.isr_vector)
 .isr_vector    0x08000000      0x188 ./Core/Startup/startup_stm32f303cbtx.o
                0x08000000                g_pfnVectors
                0x08000188                        . = ALIGN (0x4)

.text           0x08000188     0x4b80
                0x08000188                        . = ALIGN (0x4)
 *(.text)
 .text          0x08000188       0x40 C:/ST/STM32CubeIDE_1.16.0/STM32CubeIDE/plugins/com.st.stm32cube.ide.mcu.externaltools.gnu-tools-for-stm32.12.3.rel1.win32_1.0.200.202406191623/tools/bin/../lib/gcc/arm-none-eabi/12.3.1/thumb/v7e-m+fp/hard/crtbegin.o
 *(.text*)
 .text.main     0x080001c8       0x6c ./Core/Src/main.o
                0x080001c8                main
 .text.SystemClock_Config
                0x08000234       0xb8 ./Core/Src/main.o
                0x08000234                SystemClock_Config
 .text.MX_ADC4_Init
                0x080002ec       0xbc ./Core/Src/main.o
 .text.MX_CAN_Init
                0x080003a8       0xa8 ./Core/Src/main.o
 .text.MX_TIM2_Init
                0x08000450       0x9c ./Core/Src/main.o
 .text.MX_TIM3_Init
                0x080004ec       0xa0 ./Core/Src/main.o
 .text.MX_GPIO_Init
                0x0800058c      0x158 ./Core/Src/main.o
 .text.Error_Handler
                0x080006e4        0xc ./Core/Src/main.o
                0x080006e4                Error_Handler
 .text.HAL_MspInit
                0x080006f0       0x48 ./Core/Src/stm32f3xx_hal_msp.o
                0x080006f0                HAL_MspInit
 .text.HAL_ADC_MspInit
                0x08000738       0x80 ./Core/Src/stm32f3xx_hal_msp.o
                0x08000738                HAL_ADC_MspInit
 .text.HAL_CAN_MspInit
                0x080007b8       0x98 ./Core/Src/stm32f3xx_hal_msp.o
                0x080007b8                HAL_CAN_MspInit
 .text.HAL_TIM_Base_MspInit
                0x08000850       0x80 ./Core/Src/stm32f3xx_hal_msp.o
                0x08000850                HAL_TIM_Base_MspInit
 .text.NMI_Handler
                0x080008d0        0x8 ./Core/Src/stm32f3xx_it.o
                0x080008d0                NMI_Handler
 .text.HardFault_Handler
                0x080008d8        0x8 ./Core/Src/stm32f3xx_it.o
                0x080008d8                HardFault_Handler
 .text.MemManage_Handler
                0x080008e0        0x8 ./Core/Src/stm32f3xx_it.o
                0x080008e0                MemManage_Handler
 .text.BusFault_Handler
                0x080008e8        0x8 ./Core/Src/stm32f3xx_it.o
                0x080008e8                BusFault_Handler
 .text.UsageFault_Handler
                0x080008f0        0x8 ./Core/Src/stm32f3xx_it.o
                0x080008f0                UsageFault_Handler
 .text.SVC_Handler
                0x080008f8        0xe ./Core/Src/stm32f3xx_it.o
                0x080008f8                SVC_Handler
 .text.DebugMon_Handler
                0x08000906        0xe ./Core/Src/stm32f3xx_it.o
                0x08000906                DebugMon_Handler
 .text.PendSV_Handler
                0x08000914        0xe ./Core/Src/stm32f3xx_it.o
                0x08000914                PendSV_Handler
 .text.SysTick_Handler
                0x08000922        0xc ./Core/Src/stm32f3xx_it.o
                0x08000922                SysTick_Handler
 *fill*         0x0800092e        0x2 
 .text.SystemInit
                0x08000930       0x24 ./Core/Src/system_stm32f3xx.o
                0x08000930                SystemInit
 .text.USB_LP_CAN_RX0_IRQHandler
                0x08000954       0x4c ./Core/Src/tasks/can_receive.o
                0x08000954                USB_LP_CAN_RX0_IRQHandler
 .text.Can_Transmit_Auxiliary_Activity_Check
                0x080009a0       0x30 ./Core/Src/tasks/can_transmit.o
                0x080009a0                Can_Transmit_Auxiliary_Activity_Check
 .text.TIM2_IRQHandler
                0x080009d0       0x90 ./Core/Src/tasks/control.o
                0x080009d0                TIM2_IRQHandler
 .text.TIM3_IRQHandler
                0x08000a60       0x68 ./Core/Src/tasks/control.o
                0x08000a60                TIM3_IRQHandler
 .text.Update_Aux_State
                0x08000ac8      0x1a4 ./Core/Src/tasks/control.o
                0x08000ac8                Update_Aux_State
 .text.Update_Buttons_State_Offline_Mode
                0x08000c6c      0x124 ./Core/Src/tasks/control.o
                0x08000c6c                Update_Buttons_State_Offline_Mode
 .text.loop     0x08000d90       0x38 ./Core/Src/tasks/loop.o
                0x08000d90                loop
 .text.Reset_Handler
                0x08000dc8       0x50 ./Core/Startup/startup_stm32f303cbtx.o
                0x08000dc8                Reset_Handler
 .text.Default_Handler
                0x08000e18        0x2 ./Core/Startup/startup_stm32f303cbtx.o
                0x08000e18                RTC_Alarm_IRQHandler
                0x08000e18                TIM8_TRG_COM_IRQHandler
                0x08000e18                TIM8_CC_IRQHandler
                0x08000e18                TIM1_CC_IRQHandler
                0x08000e18                USB_HP_IRQHandler
                0x08000e18                PVD_IRQHandler
                0x08000e18                TAMP_STAMP_IRQHandler
                0x08000e18                EXTI3_IRQHandler
                0x08000e18                USB_HP_CAN_TX_IRQHandler
                0x08000e18                EXTI0_IRQHandler
                0x08000e18                I2C2_EV_IRQHandler
                0x08000e18                FPU_IRQHandler
                0x08000e18                TIM1_UP_TIM16_IRQHandler
                0x08000e18                ADC1_2_IRQHandler
                0x08000e18                SPI1_IRQHandler
                0x08000e18                CAN_SCE_IRQHandler
                0x08000e18                TIM6_DAC_IRQHandler
                0x08000e18                TIM8_UP_IRQHandler
                0x08000e18                DMA2_Channel2_IRQHandler
                0x08000e18                DMA1_Channel4_IRQHandler
                0x08000e18                USART3_IRQHandler
                0x08000e18                DMA1_Channel7_IRQHandler
                0x08000e18                UART5_IRQHandler
                0x08000e18                ADC3_IRQHandler
                0x08000e18                TIM4_IRQHandler
                0x08000e18                CAN_RX1_IRQHandler
                0x08000e18                DMA2_Channel1_IRQHandler
                0x08000e18                I2C1_EV_IRQHandler
                0x08000e18                DMA1_Channel6_IRQHandler
                0x08000e18                UART4_IRQHandler
                0x08000e18                DMA2_Channel4_IRQHandler
                0x08000e18                RCC_IRQHandler
                0x08000e18                DMA1_Channel1_IRQHandler
                0x08000e18                Default_Handler
                0x08000e18                USBWakeUp_RMP_IRQHandler
                0x08000e18                EXTI15_10_IRQHandler
                0x08000e18                TIM7_IRQHandler
                0x08000e18                EXTI9_5_IRQHandler
                0x08000e18                RTC_WKUP_IRQHandler
                0x08000e18                SPI2_IRQHandler
                0x08000e18                DMA2_Channel5_IRQHandler
                0x08000e18                DMA1_Channel5_IRQHandler
                0x08000e18                USB_LP_IRQHandler
                0x08000e18                EXTI4_IRQHandler
                0x08000e18                TIM1_TRG_COM_TIM17_IRQHandler
                0x08000e18                DMA1_Channel3_IRQHandler
                0x08000e18                ADC4_IRQHandler
                0x08000e18                WWDG_IRQHandler
                0x08000e18                COMP7_IRQHandler
                0x08000e18                COMP1_2_3_IRQHandler
                0x08000e18                EXTI1_IRQHandler
                0x08000e18                USART2_IRQHandler
                0x08000e18                COMP4_5_6_IRQHandler
                0x08000e18                I2C2_ER_IRQHandler
                0x08000e18                DMA1_Channel2_IRQHandler
                0x08000e18                TIM8_BRK_IRQHandler
                0x08000e18                FLASH_IRQHandler
                0x08000e18                USART1_IRQHandler
                0x08000e18                SPI3_IRQHandler
                0x08000e18                I2C1_ER_IRQHandler
                0x08000e18                USBWakeUp_IRQHandler
                0x08000e18                DMA2_Channel3_IRQHandler
                0x08000e18                EXTI2_TSC_IRQHandler
                0x08000e18                TIM1_BRK_TIM15_IRQHandler
 *fill*         0x08000e1a        0x2 
 .text.HAL_Init
                0x08000e1c       0x2c ./Drivers/STM32F3xx_HAL_Driver/Src/stm32f3xx_hal.o
                0x08000e1c                HAL_Init
 .text.HAL_InitTick
                0x08000e48       0x60 ./Drivers/STM32F3xx_HAL_Driver/Src/stm32f3xx_hal.o
                0x08000e48                HAL_InitTick
 .text.HAL_IncTick
                0x08000ea8       0x28 ./Drivers/STM32F3xx_HAL_Driver/Src/stm32f3xx_hal.o
                0x08000ea8                HAL_IncTick
 .text.HAL_GetTick
                0x08000ed0       0x18 ./Drivers/STM32F3xx_HAL_Driver/Src/stm32f3xx_hal.o
                0x08000ed0                HAL_GetTick
 .text.HAL_Delay
                0x08000ee8       0x48 ./Drivers/STM32F3xx_HAL_Driver/Src/stm32f3xx_hal.o
                0x08000ee8                HAL_Delay
 .text.HAL_ADC_Init
                0x08000f30      0x3c0 ./Drivers/STM32F3xx_HAL_Driver/Src/stm32f3xx_hal_adc_ex.o
                0x08000f30                HAL_ADC_Init
 .text.HAL_ADC_ConfigChannel
                0x080012f0      0x5d4 ./Drivers/STM32F3xx_HAL_Driver/Src/stm32f3xx_hal_adc_ex.o
                0x080012f0                HAL_ADC_ConfigChannel
 .text.ADC_Disable
                0x080018c4       0xcc ./Drivers/STM32F3xx_HAL_Driver/Src/stm32f3xx_hal_adc_ex.o
 .text.HAL_CAN_Init
                0x08001990      0x1f6 ./Drivers/STM32F3xx_HAL_Driver/Src/stm32f3xx_hal_can.o
                0x08001990                HAL_CAN_Init
 .text.HAL_CAN_ConfigFilter
                0x08001b86      0x194 ./Drivers/STM32F3xx_HAL_Driver/Src/stm32f3xx_hal_can.o
                0x08001b86                HAL_CAN_ConfigFilter
 .text.HAL_CAN_Start
                0x08001d1a       0x88 ./Drivers/STM32F3xx_HAL_Driver/Src/stm32f3xx_hal_can.o
                0x08001d1a                HAL_CAN_Start
 .text.HAL_CAN_AddTxMessage
                0x08001da2      0x1a0 ./Drivers/STM32F3xx_HAL_Driver/Src/stm32f3xx_hal_can.o
                0x08001da2                HAL_CAN_AddTxMessage
 .text.HAL_CAN_GetRxMessage
                0x08001f42      0x244 ./Drivers/STM32F3xx_HAL_Driver/Src/stm32f3xx_hal_can.o
                0x08001f42                HAL_CAN_GetRxMessage
 .text.HAL_CAN_ActivateNotification
                0x08002186       0x4c ./Drivers/STM32F3xx_HAL_Driver/Src/stm32f3xx_hal_can.o
                0x08002186                HAL_CAN_ActivateNotification
 .text.HAL_CAN_IRQHandler
                0x080021d2      0x36e ./Drivers/STM32F3xx_HAL_Driver/Src/stm32f3xx_hal_can.o
                0x080021d2                HAL_CAN_IRQHandler
 .text.HAL_CAN_TxMailbox0CompleteCallback
                0x08002540       0x14 ./Drivers/STM32F3xx_HAL_Driver/Src/stm32f3xx_hal_can.o
                0x08002540                HAL_CAN_TxMailbox0CompleteCallback
 .text.HAL_CAN_TxMailbox1CompleteCallback
                0x08002554       0x14 ./Drivers/STM32F3xx_HAL_Driver/Src/stm32f3xx_hal_can.o
                0x08002554                HAL_CAN_TxMailbox1CompleteCallback
 .text.HAL_CAN_TxMailbox2CompleteCallback
                0x08002568       0x14 ./Drivers/STM32F3xx_HAL_Driver/Src/stm32f3xx_hal_can.o
                0x08002568                HAL_CAN_TxMailbox2CompleteCallback
 .text.HAL_CAN_TxMailbox0AbortCallback
                0x0800257c       0x14 ./Drivers/STM32F3xx_HAL_Driver/Src/stm32f3xx_hal_can.o
                0x0800257c                HAL_CAN_TxMailbox0AbortCallback
 .text.HAL_CAN_TxMailbox1AbortCallback
                0x08002590       0x14 ./Drivers/STM32F3xx_HAL_Driver/Src/stm32f3xx_hal_can.o
                0x08002590                HAL_CAN_TxMailbox1AbortCallback
 .text.HAL_CAN_TxMailbox2AbortCallback
                0x080025a4       0x14 ./Drivers/STM32F3xx_HAL_Driver/Src/stm32f3xx_hal_can.o
                0x080025a4                HAL_CAN_TxMailbox2AbortCallback
 .text.HAL_CAN_RxFifo0MsgPendingCallback
                0x080025b8       0x14 ./Drivers/STM32F3xx_HAL_Driver/Src/stm32f3xx_hal_can.o
                0x080025b8                HAL_CAN_RxFifo0MsgPendingCallback
 .text.HAL_CAN_RxFifo0FullCallback
                0x080025cc       0x14 ./Drivers/STM32F3xx_HAL_Driver/Src/stm32f3xx_hal_can.o
                0x080025cc                HAL_CAN_RxFifo0FullCallback
 .text.HAL_CAN_RxFifo1MsgPendingCallback
                0x080025e0       0x14 ./Drivers/STM32F3xx_HAL_Driver/Src/stm32f3xx_hal_can.o
                0x080025e0                HAL_CAN_RxFifo1MsgPendingCallback
 .text.HAL_CAN_RxFifo1FullCallback
                0x080025f4       0x14 ./Drivers/STM32F3xx_HAL_Driver/Src/stm32f3xx_hal_can.o
                0x080025f4                HAL_CAN_RxFifo1FullCallback
 .text.HAL_CAN_SleepCallback
                0x08002608       0x14 ./Drivers/STM32F3xx_HAL_Driver/Src/stm32f3xx_hal_can.o
                0x08002608                HAL_CAN_SleepCallback
 .text.HAL_CAN_WakeUpFromRxMsgCallback
                0x0800261c       0x14 ./Drivers/STM32F3xx_HAL_Driver/Src/stm32f3xx_hal_can.o
                0x0800261c                HAL_CAN_WakeUpFromRxMsgCallback
 .text.HAL_CAN_ErrorCallback
                0x08002630       0x14 ./Drivers/STM32F3xx_HAL_Driver/Src/stm32f3xx_hal_can.o
                0x08002630                HAL_CAN_ErrorCallback
 .text.__NVIC_SetPriorityGrouping
                0x08002644       0x48 ./Drivers/STM32F3xx_HAL_Driver/Src/stm32f3xx_hal_cortex.o
 .text.__NVIC_GetPriorityGrouping
                0x0800268c       0x1c ./Drivers/STM32F3xx_HAL_Driver/Src/stm32f3xx_hal_cortex.o
 .text.__NVIC_EnableIRQ
                0x080026a8       0x3c ./Drivers/STM32F3xx_HAL_Driver/Src/stm32f3xx_hal_cortex.o
 .text.__NVIC_SetPriority
                0x080026e4       0x54 ./Drivers/STM32F3xx_HAL_Driver/Src/stm32f3xx_hal_cortex.o
 .text.NVIC_EncodePriority
                0x08002738       0x66 ./Drivers/STM32F3xx_HAL_Driver/Src/stm32f3xx_hal_cortex.o
 *fill*         0x0800279e        0x2 
 .text.SysTick_Config
                0x080027a0       0x44 ./Drivers/STM32F3xx_HAL_Driver/Src/stm32f3xx_hal_cortex.o
 .text.HAL_NVIC_SetPriorityGrouping
                0x080027e4       0x16 ./Drivers/STM32F3xx_HAL_Driver/Src/stm32f3xx_hal_cortex.o
                0x080027e4                HAL_NVIC_SetPriorityGrouping
 .text.HAL_NVIC_SetPriority
                0x080027fa       0x38 ./Drivers/STM32F3xx_HAL_Driver/Src/stm32f3xx_hal_cortex.o
                0x080027fa                HAL_NVIC_SetPriority
 .text.HAL_NVIC_EnableIRQ
                0x08002832       0x1c ./Drivers/STM32F3xx_HAL_Driver/Src/stm32f3xx_hal_cortex.o
                0x08002832                HAL_NVIC_EnableIRQ
 .text.HAL_SYSTICK_Config
                0x0800284e       0x18 ./Drivers/STM32F3xx_HAL_Driver/Src/stm32f3xx_hal_cortex.o
                0x0800284e                HAL_SYSTICK_Config
 *fill*         0x08002866        0x2 
 .text.HAL_GPIO_Init
                0x08002868      0x2f4 ./Drivers/STM32F3xx_HAL_Driver/Src/stm32f3xx_hal_gpio.o
                0x08002868                HAL_GPIO_Init
 .text.HAL_GPIO_ReadPin
                0x08002b5c       0x30 ./Drivers/STM32F3xx_HAL_Driver/Src/stm32f3xx_hal_gpio.o
                0x08002b5c                HAL_GPIO_ReadPin
 .text.HAL_GPIO_WritePin
                0x08002b8c       0x30 ./Drivers/STM32F3xx_HAL_Driver/Src/stm32f3xx_hal_gpio.o
                0x08002b8c                HAL_GPIO_WritePin
 .text.HAL_GPIO_TogglePin
                0x08002bbc       0x34 ./Drivers/STM32F3xx_HAL_Driver/Src/stm32f3xx_hal_gpio.o
                0x08002bbc                HAL_GPIO_TogglePin
 .text.HAL_RCC_OscConfig
                0x08002bf0     0x107c ./Drivers/STM32F3xx_HAL_Driver/Src/stm32f3xx_hal_rcc.o
                0x08002bf0                HAL_RCC_OscConfig
 .text.HAL_RCC_ClockConfig
                0x08003c6c      0x2f8 ./Drivers/STM32F3xx_HAL_Driver/Src/stm32f3xx_hal_rcc.o
                0x08003c6c                HAL_RCC_ClockConfig
 .text.HAL_RCC_GetSysClockFreq
                0x08003f64       0xac ./Drivers/STM32F3xx_HAL_Driver/Src/stm32f3xx_hal_rcc.o
                0x08003f64                HAL_RCC_GetSysClockFreq
 .text.HAL_RCCEx_PeriphCLKConfig
                0x08004010      0x360 ./Drivers/STM32F3xx_HAL_Driver/Src/stm32f3xx_hal_rcc_ex.o
                0x08004010                HAL_RCCEx_PeriphCLKConfig
 .text.HAL_TIM_Base_Init
                0x08004370       0xae ./Drivers/STM32F3xx_HAL_Driver/Src/stm32f3xx_hal_tim.o
                0x08004370                HAL_TIM_Base_Init
 *fill*         0x0800441e        0x2 
 .text.HAL_TIM_Base_Start_IT
                0x08004420       0xd4 ./Drivers/STM32F3xx_HAL_Driver/Src/stm32f3xx_hal_tim.o
                0x08004420                HAL_TIM_Base_Start_IT
 .text.HAL_TIM_IRQHandler
                0x080044f4      0x204 ./Drivers/STM32F3xx_HAL_Driver/Src/stm32f3xx_hal_tim.o
                0x080044f4                HAL_TIM_IRQHandler
 .text.HAL_TIM_ConfigClockSource
                0x080046f8      0x192 ./Drivers/STM32F3xx_HAL_Driver/Src/stm32f3xx_hal_tim.o
                0x080046f8                HAL_TIM_ConfigClockSource
 .text.HAL_TIM_PeriodElapsedCallback
                0x0800488a       0x14 ./Drivers/STM32F3xx_HAL_Driver/Src/stm32f3xx_hal_tim.o
                0x0800488a                HAL_TIM_PeriodElapsedCallback
 .text.HAL_TIM_OC_DelayElapsedCallback
                0x0800489e       0x14 ./Drivers/STM32F3xx_HAL_Driver/Src/stm32f3xx_hal_tim.o
                0x0800489e                HAL_TIM_OC_DelayElapsedCallback
 .text.HAL_TIM_IC_CaptureCallback
                0x080048b2       0x14 ./Drivers/STM32F3xx_HAL_Driver/Src/stm32f3xx_hal_tim.o
                0x080048b2                HAL_TIM_IC_CaptureCallback
 .text.HAL_TIM_PWM_PulseFinishedCallback
                0x080048c6       0x14 ./Drivers/STM32F3xx_HAL_Driver/Src/stm32f3xx_hal_tim.o
                0x080048c6                HAL_TIM_PWM_PulseFinishedCallback
 .text.HAL_TIM_TriggerCallback
                0x080048da       0x14 ./Drivers/STM32F3xx_HAL_Driver/Src/stm32f3xx_hal_tim.o
                0x080048da                HAL_TIM_TriggerCallback
 *fill*         0x080048ee        0x2 
 .text.TIM_Base_SetConfig
                0x080048f0      0x138 ./Drivers/STM32F3xx_HAL_Driver/Src/stm32f3xx_hal_tim.o
                0x080048f0                TIM_Base_SetConfig
 .text.TIM_TI1_ConfigInputStage
                0x08004a28       0x5e ./Drivers/STM32F3xx_HAL_Driver/Src/stm32f3xx_hal_tim.o
 .text.TIM_TI2_ConfigInputStage
                0x08004a86       0x60 ./Drivers/STM32F3xx_HAL_Driver/Src/stm32f3xx_hal_tim.o
 .text.TIM_ITRx_SetConfig
                0x08004ae6       0x36 ./Drivers/STM32F3xx_HAL_Driver/Src/stm32f3xx_hal_tim.o
 .text.TIM_ETR_SetConfig
                0x08004b1c       0x40 ./Drivers/STM32F3xx_HAL_Driver/Src/stm32f3xx_hal_tim.o
                0x08004b1c                TIM_ETR_SetConfig
 .text.HAL_TIMEx_MasterConfigSynchronization
                0x08004b5c      0x100 ./Drivers/STM32F3xx_HAL_Driver/Src/stm32f3xx_hal_tim_ex.o
                0x08004b5c                HAL_TIMEx_MasterConfigSynchronization
 .text.HAL_TIMEx_CommutCallback
                0x08004c5c       0x14 ./Drivers/STM32F3xx_HAL_Driver/Src/stm32f3xx_hal_tim_ex.o
                0x08004c5c                HAL_TIMEx_CommutCallback
 .text.HAL_TIMEx_BreakCallback
                0x08004c70       0x14 ./Drivers/STM32F3xx_HAL_Driver/Src/stm32f3xx_hal_tim_ex.o
                0x08004c70                HAL_TIMEx_BreakCallback
 .text.HAL_TIMEx_Break2Callback
                0x08004c84       0x14 ./Drivers/STM32F3xx_HAL_Driver/Src/stm32f3xx_hal_tim_ex.o
                0x08004c84                HAL_TIMEx_Break2Callback
 .text.memset   0x08004c98       0x10 C:/ST/STM32CubeIDE_1.16.0/STM32CubeIDE/plugins/com.st.stm32cube.ide.mcu.externaltools.gnu-tools-for-stm32.12.3.rel1.win32_1.0.200.202406191623/tools/bin/../lib/gcc/arm-none-eabi/12.3.1/../../../../arm-none-eabi/lib/thumb/v7e-m+fp/hard\libc_nano.a(libc_a-memset.o)
                0x08004c98                memset
 .text.__libc_init_array
                0x08004ca8       0x48 C:/ST/STM32CubeIDE_1.16.0/STM32CubeIDE/plugins/com.st.stm32cube.ide.mcu.externaltools.gnu-tools-for-stm32.12.3.rel1.win32_1.0.200.202406191623/tools/bin/../lib/gcc/arm-none-eabi/12.3.1/../../../../arm-none-eabi/lib/thumb/v7e-m+fp/hard\libc_nano.a(libc_a-init.o)
                0x08004ca8                __libc_init_array
 *(.glue_7)
 .glue_7        0x08004cf0        0x0 linker stubs
 *(.glue_7t)
 .glue_7t       0x08004cf0        0x0 linker stubs
 *(.eh_frame)
 .eh_frame      0x08004cf0        0x0 C:/ST/STM32CubeIDE_1.16.0/STM32CubeIDE/plugins/com.st.stm32cube.ide.mcu.externaltools.gnu-tools-for-stm32.12.3.rel1.win32_1.0.200.202406191623/tools/bin/../lib/gcc/arm-none-eabi/12.3.1/thumb/v7e-m+fp/hard/crtbegin.o
 *(.init)
 .init          0x08004cf0        0x4 C:/ST/STM32CubeIDE_1.16.0/STM32CubeIDE/plugins/com.st.stm32cube.ide.mcu.externaltools.gnu-tools-for-stm32.12.3.rel1.win32_1.0.200.202406191623/tools/bin/../lib/gcc/arm-none-eabi/12.3.1/thumb/v7e-m+fp/hard/crti.o
                0x08004cf0                _init
 .init          0x08004cf4        0x8 C:/ST/STM32CubeIDE_1.16.0/STM32CubeIDE/plugins/com.st.stm32cube.ide.mcu.externaltools.gnu-tools-for-stm32.12.3.rel1.win32_1.0.200.202406191623/tools/bin/../lib/gcc/arm-none-eabi/12.3.1/thumb/v7e-m+fp/hard/crtn.o
 *(.fini)
 .fini          0x08004cfc        0x4 C:/ST/STM32CubeIDE_1.16.0/STM32CubeIDE/plugins/com.st.stm32cube.ide.mcu.externaltools.gnu-tools-for-stm32.12.3.rel1.win32_1.0.200.202406191623/tools/bin/../lib/gcc/arm-none-eabi/12.3.1/thumb/v7e-m+fp/hard/crti.o
                0x08004cfc                _fini
 .fini          0x08004d00        0x8 C:/ST/STM32CubeIDE_1.16.0/STM32CubeIDE/plugins/com.st.stm32cube.ide.mcu.externaltools.gnu-tools-for-stm32.12.3.rel1.win32_1.0.200.202406191623/tools/bin/../lib/gcc/arm-none-eabi/12.3.1/thumb/v7e-m+fp/hard/crtn.o
                0x08004d08                        . = ALIGN (0x4)
                0x08004d08                        _etext = .

.vfp11_veneer   0x08004d08        0x0
 .vfp11_veneer  0x08004d08        0x0 linker stubs

.v4_bx          0x08004d08        0x0
 .v4_bx         0x08004d08        0x0 linker stubs

.iplt           0x08004d08        0x0
 .iplt          0x08004d08        0x0 C:/ST/STM32CubeIDE_1.16.0/STM32CubeIDE/plugins/com.st.stm32cube.ide.mcu.externaltools.gnu-tools-for-stm32.12.3.rel1.win32_1.0.200.202406191623/tools/bin/../lib/gcc/arm-none-eabi/12.3.1/thumb/v7e-m+fp/hard/crtbegin.o

.rodata         0x08004d08       0x48
                0x08004d08                        . = ALIGN (0x4)
 *(.rodata)
 *(.rodata*)
 .rodata.AHBPrescTable
                0x08004d08       0x10 ./Core/Src/system_stm32f3xx.o
                0x08004d08                AHBPrescTable
 .rodata.TxHeader.1
                0x08004d18       0x18 ./Core/Src/tasks/can_transmit.o
 .rodata.aPLLMULFactorTable
                0x08004d30       0x10 ./Drivers/STM32F3xx_HAL_Driver/Src/stm32f3xx_hal_rcc.o
 .rodata.aPredivFactorTable
                0x08004d40       0x10 ./Drivers/STM32F3xx_HAL_Driver/Src/stm32f3xx_hal_rcc.o
                0x08004d50                        . = ALIGN (0x4)

.rel.dyn        0x08004d50        0x0
 .rel.iplt      0x08004d50        0x0 C:/ST/STM32CubeIDE_1.16.0/STM32CubeIDE/plugins/com.st.stm32cube.ide.mcu.externaltools.gnu-tools-for-stm32.12.3.rel1.win32_1.0.200.202406191623/tools/bin/../lib/gcc/arm-none-eabi/12.3.1/thumb/v7e-m+fp/hard/crtbegin.o

.ARM.extab      0x08004d50        0x0
                0x08004d50                        . = ALIGN (0x4)
 *(.ARM.extab* .gnu.linkonce.armextab.*)
                0x08004d50                        . = ALIGN (0x4)

.ARM            0x08004d50        0x0
                0x08004d50                        . = ALIGN (0x4)
                0x08004d50                        __exidx_start = .
 *(.ARM.exidx*)
                0x08004d50                        __exidx_end = .
                0x08004d50                        . = ALIGN (0x4)

.preinit_array  0x08004d50        0x0
                0x08004d50                        . = ALIGN (0x4)
                0x08004d50                        PROVIDE (__preinit_array_start = .)
 *(.preinit_array*)
                0x08004d50                        PROVIDE (__preinit_array_end = .)
                0x08004d50                        . = ALIGN (0x4)

.init_array     0x08004d50        0x4
                0x08004d50                        . = ALIGN (0x4)
                0x08004d50                        PROVIDE (__init_array_start = .)
 *(SORT_BY_NAME(.init_array.*))
 *(.init_array*)
 .init_array    0x08004d50        0x4 C:/ST/STM32CubeIDE_1.16.0/STM32CubeIDE/plugins/com.st.stm32cube.ide.mcu.externaltools.gnu-tools-for-stm32.12.3.rel1.win32_1.0.200.202406191623/tools/bin/../lib/gcc/arm-none-eabi/12.3.1/thumb/v7e-m+fp/hard/crtbegin.o
                0x08004d54                        PROVIDE (__init_array_end = .)
                0x08004d54                        . = ALIGN (0x4)

.fini_array     0x08004d54        0x4
                0x08004d54                        . = ALIGN (0x4)
                [!provide]                        PROVIDE (__fini_array_start = .)
 *(SORT_BY_NAME(.fini_array.*))
 *(.fini_array*)
 .fini_array    0x08004d54        0x4 C:/ST/STM32CubeIDE_1.16.0/STM32CubeIDE/plugins/com.st.stm32cube.ide.mcu.externaltools.gnu-tools-for-stm32.12.3.rel1.win32_1.0.200.202406191623/tools/bin/../lib/gcc/arm-none-eabi/12.3.1/thumb/v7e-m+fp/hard/crtbegin.o
                [!provide]                        PROVIDE (__fini_array_end = .)
                0x08004d58                        . = ALIGN (0x4)
                0x08004d58                        _sidata = LOADADDR (.data)

.data           0x20000000       0x14 load address 0x08004d58
                0x20000000                        . = ALIGN (0x4)
                0x20000000                        _sdata = .
 *(.data)
 *(.data*)
 .data.SystemCoreClock
                0x20000000        0x4 ./Core/Src/system_stm32f3xx.o
                0x20000000                SystemCoreClock
 .data.Offline_Mode
                0x20000004        0x4 ./Core/Src/tasks/control.o
                0x20000004                Offline_Mode
 .data.auxiliary
                0x20000008        0x4 ./Core/Src/tasks/control.o
                0x20000008                auxiliary
 .data.uwTickPrio
                0x2000000c        0x4 ./Drivers/STM32F3xx_HAL_Driver/Src/stm32f3xx_hal.o
                0x2000000c                uwTickPrio
 .data.uwTickFreq
                0x20000010        0x1 ./Drivers/STM32F3xx_HAL_Driver/Src/stm32f3xx_hal.o
                0x20000010                uwTickFreq
 *(.RamFunc)
 *(.RamFunc*)
                0x20000014                        . = ALIGN (0x4)
 *fill*         0x20000011        0x3 
                0x20000014                        _edata = .
                0x08004d6c                        _siccmram = LOADADDR (.ccmram)

.igot.plt       0x20000014        0x0 load address 0x08004d6c
 .igot.plt      0x20000014        0x0 C:/ST/STM32CubeIDE_1.16.0/STM32CubeIDE/plugins/com.st.stm32cube.ide.mcu.externaltools.gnu-tools-for-stm32.12.3.rel1.win32_1.0.200.202406191623/tools/bin/../lib/gcc/arm-none-eabi/12.3.1/thumb/v7e-m+fp/hard/crtbegin.o

.ccmram         0x10000000        0x0 load address 0x08004d6c
                0x10000000                        . = ALIGN (0x4)
                0x10000000                        _sccmram = .
 *(.ccmram)
 *(.ccmram*)
                0x10000000                        . = ALIGN (0x4)
                0x10000000                        _eccmram = .
                0x10000000                        . = ALIGN (0x4)

.bss            0x20000014      0x164
                0x20000014                        _sbss = .
                0x20000014                        __bss_start__ = _sbss
 *(.bss)
 .bss           0x20000014       0x1c C:/ST/STM32CubeIDE_1.16.0/STM32CubeIDE/plugins/com.st.stm32cube.ide.mcu.externaltools.gnu-tools-for-stm32.12.3.rel1.win32_1.0.200.202406191623/tools/bin/../lib/gcc/arm-none-eabi/12.3.1/thumb/v7e-m+fp/hard/crtbegin.o
 *(.bss*)
 .bss.hadc4     0x20000030       0x50 ./Core/Src/main.o
                0x20000030                hadc4
 .bss.hcan      0x20000080       0x28 ./Core/Src/main.o
                0x20000080                hcan
 .bss.htim2     0x200000a8       0x4c ./Core/Src/main.o
                0x200000a8                htim2
 .bss.htim3     0x200000f4       0x4c ./Core/Src/main.o
                0x200000f4                htim3
 .bss.Rx_Dash_Header.1
                0x20000140       0x1c ./Core/Src/tasks/can_receive.o
 .bss.Rx_Dash_Data.0
                0x2000015c        0x1 ./Core/Src/tasks/can_receive.o
 *fill*         0x2000015d        0x3 
 .bss.TxMailBox.0
                0x20000160        0x4 ./Core/Src/tasks/can_transmit.o
 .bss.Toggle_State_Right
                0x20000164        0x1 ./Core/Src/tasks/control.o
                0x20000164                Toggle_State_Right
 .bss.Toggle_State_Left
                0x20000165        0x1 ./Core/Src/tasks/control.o
                0x20000165                Toggle_State_Left
 .bss.Offline_Mode_Switch
                0x20000166        0x1 ./Core/Src/tasks/control.o
                0x20000166                Offline_Mode_Switch
 .bss.Sign_Left_500ms_Timer
                0x20000167        0x1 ./Core/Src/tasks/control.o
                0x20000167                Sign_Left_500ms_Timer
 .bss.Sign_Right_500ms_Timer
                0x20000168        0x1 ./Core/Src/tasks/control.o
                0x20000168                Sign_Right_500ms_Timer
 .bss.Dash_Activity
                0x20000169        0x1 ./Core/Src/tasks/control.o
                0x20000169                Dash_Activity
 *fill*         0x2000016a        0x2 
 .bss.Offline   0x2000016c        0x1 ./Core/Src/tasks/control.o
                0x2000016c                Offline
 *fill*         0x2000016d        0x3 
 .bss.aux       0x20000170        0x1 ./Core/Src/tasks/control.o
                0x20000170                aux
 .bss.status.0  0x20000171        0x1 ./Core/Src/tasks/loop.o
 *fill*         0x20000172        0x2 
 .bss.uwTick    0x20000174        0x4 ./Drivers/STM32F3xx_HAL_Driver/Src/stm32f3xx_hal.o
                0x20000174                uwTick
 *(COMMON)
                0x20000178                        . = ALIGN (0x4)
                0x20000178                        _ebss = .
                0x20000178                        __bss_end__ = _ebss

._user_heap_stack
                0x20000178      0x600
                0x20000178                        . = ALIGN (0x8)
                [!provide]                        PROVIDE (end = .)
                0x20000178                        PROVIDE (_end = .)
                0x20000378                        . = (. + _Min_Heap_Size)
 *fill*         0x20000178      0x200 
                0x20000778                        . = (. + _Min_Stack_Size)
 *fill*         0x20000378      0x400 
                0x20000778                        . = ALIGN (0x8)

/DISCARD/
 libc.a(*)
 libm.a(*)
 libgcc.a(*)

.ARM.attributes
                0x00000000       0x30
 *(.ARM.attributes)
 .ARM.attributes
                0x00000000       0x22 C:/ST/STM32CubeIDE_1.16.0/STM32CubeIDE/plugins/com.st.stm32cube.ide.mcu.externaltools.gnu-tools-for-stm32.12.3.rel1.win32_1.0.200.202406191623/tools/bin/../lib/gcc/arm-none-eabi/12.3.1/thumb/v7e-m+fp/hard/crti.o
 .ARM.attributes
                0x00000022       0x34 C:/ST/STM32CubeIDE_1.16.0/STM32CubeIDE/plugins/com.st.stm32cube.ide.mcu.externaltools.gnu-tools-for-stm32.12.3.rel1.win32_1.0.200.202406191623/tools/bin/../lib/gcc/arm-none-eabi/12.3.1/thumb/v7e-m+fp/hard/crtbegin.o
 .ARM.attributes
                0x00000056       0x34 ./Core/Src/main.o
 .ARM.attributes
                0x0000008a       0x34 ./Core/Src/stm32f3xx_hal_msp.o
 .ARM.attributes
                0x000000be       0x34 ./Core/Src/stm32f3xx_it.o
 .ARM.attributes
                0x000000f2       0x34 ./Core/Src/system_stm32f3xx.o
 .ARM.attributes
                0x00000126       0x34 ./Core/Src/tasks/can_receive.o
 .ARM.attributes
                0x0000015a       0x34 ./Core/Src/tasks/can_transmit.o
 .ARM.attributes
                0x0000018e       0x34 ./Core/Src/tasks/control.o
 .ARM.attributes
                0x000001c2       0x34 ./Core/Src/tasks/loop.o
 .ARM.attributes
                0x000001f6       0x21 ./Core/Startup/startup_stm32f303cbtx.o
 .ARM.attributes
                0x00000217       0x34 ./Drivers/STM32F3xx_HAL_Driver/Src/stm32f3xx_hal.o
 .ARM.attributes
                0x0000024b       0x34 ./Drivers/STM32F3xx_HAL_Driver/Src/stm32f3xx_hal_adc_ex.o
 .ARM.attributes
                0x0000027f       0x34 ./Drivers/STM32F3xx_HAL_Driver/Src/stm32f3xx_hal_can.o
 .ARM.attributes
                0x000002b3       0x34 ./Drivers/STM32F3xx_HAL_Driver/Src/stm32f3xx_hal_cortex.o
 .ARM.attributes
                0x000002e7       0x34 ./Drivers/STM32F3xx_HAL_Driver/Src/stm32f3xx_hal_gpio.o
 .ARM.attributes
                0x0000031b       0x34 ./Drivers/STM32F3xx_HAL_Driver/Src/stm32f3xx_hal_rcc.o
 .ARM.attributes
                0x0000034f       0x34 ./Drivers/STM32F3xx_HAL_Driver/Src/stm32f3xx_hal_rcc_ex.o
 .ARM.attributes
                0x00000383       0x34 ./Drivers/STM32F3xx_HAL_Driver/Src/stm32f3xx_hal_tim.o
 .ARM.attributes
                0x000003b7       0x34 ./Drivers/STM32F3xx_HAL_Driver/Src/stm32f3xx_hal_tim_ex.o
 .ARM.attributes
                0x000003eb       0x34 C:/ST/STM32CubeIDE_1.16.0/STM32CubeIDE/plugins/com.st.stm32cube.ide.mcu.externaltools.gnu-tools-for-stm32.12.3.rel1.win32_1.0.200.202406191623/tools/bin/../lib/gcc/arm-none-eabi/12.3.1/../../../../arm-none-eabi/lib/thumb/v7e-m+fp/hard\libc_nano.a(libc_a-memset.o)
 .ARM.attributes
                0x0000041f       0x34 C:/ST/STM32CubeIDE_1.16.0/STM32CubeIDE/plugins/com.st.stm32cube.ide.mcu.externaltools.gnu-tools-for-stm32.12.3.rel1.win32_1.0.200.202406191623/tools/bin/../lib/gcc/arm-none-eabi/12.3.1/../../../../arm-none-eabi/lib/thumb/v7e-m+fp/hard\libc_nano.a(libc_a-init.o)
 .ARM.attributes
                0x00000453       0x22 C:/ST/STM32CubeIDE_1.16.0/STM32CubeIDE/plugins/com.st.stm32cube.ide.mcu.externaltools.gnu-tools-for-stm32.12.3.rel1.win32_1.0.200.202406191623/tools/bin/../lib/gcc/arm-none-eabi/12.3.1/thumb/v7e-m+fp/hard/crtn.o
OUTPUT(WSC_Auxiliary.elf elf32-littlearm)
LOAD linker stubs
LOAD C:/ST/STM32CubeIDE_1.16.0/STM32CubeIDE/plugins/com.st.stm32cube.ide.mcu.externaltools.gnu-tools-for-stm32.12.3.rel1.win32_1.0.200.202406191623/tools/bin/../lib/gcc/arm-none-eabi/12.3.1/../../../../arm-none-eabi/lib/thumb/v7e-m+fp/hard\libc.a
LOAD C:/ST/STM32CubeIDE_1.16.0/STM32CubeIDE/plugins/com.st.stm32cube.ide.mcu.externaltools.gnu-tools-for-stm32.12.3.rel1.win32_1.0.200.202406191623/tools/bin/../lib/gcc/arm-none-eabi/12.3.1/../../../../arm-none-eabi/lib/thumb/v7e-m+fp/hard\libm.a
LOAD C:/ST/STM32CubeIDE_1.16.0/STM32CubeIDE/plugins/com.st.stm32cube.ide.mcu.externaltools.gnu-tools-for-stm32.12.3.rel1.win32_1.0.200.202406191623/tools/bin/../lib/gcc/arm-none-eabi/12.3.1/thumb/v7e-m+fp/hard\libgcc.a

.debug_info     0x00000000     0xe4e6
 .debug_info    0x00000000     0x171d ./Core/Src/main.o
 .debug_info    0x0000171d     0x1395 ./Core/Src/stm32f3xx_hal_msp.o
 .debug_info    0x00002ab2      0x113 ./Core/Src/stm32f3xx_it.o
 .debug_info    0x00002bc5      0x407 ./Core/Src/system_stm32f3xx.o
 .debug_info    0x00002fcc      0x672 ./Core/Src/tasks/can_receive.o
 .debug_info    0x0000363e      0x57a ./Core/Src/tasks/can_transmit.o
 .debug_info    0x00003bb8      0xd78 ./Core/Src/tasks/control.o
 .debug_info    0x00004930      0x1ec ./Core/Src/tasks/loop.o
 .debug_info    0x00004b1c       0x30 ./Core/Startup/startup_stm32f303cbtx.o
 .debug_info    0x00004b4c      0x7d4 ./Drivers/STM32F3xx_HAL_Driver/Src/stm32f3xx_hal.o
 .debug_info    0x00005320     0x15b2 ./Drivers/STM32F3xx_HAL_Driver/Src/stm32f3xx_hal_adc_ex.o
 .debug_info    0x000068d2      0xf12 ./Drivers/STM32F3xx_HAL_Driver/Src/stm32f3xx_hal_can.o
 .debug_info    0x000077e4      0xce4 ./Drivers/STM32F3xx_HAL_Driver/Src/stm32f3xx_hal_cortex.o
 .debug_info    0x000084c8      0x5fe ./Drivers/STM32F3xx_HAL_Driver/Src/stm32f3xx_hal_gpio.o
 .debug_info    0x00008ac6     0x148a ./Drivers/STM32F3xx_HAL_Driver/Src/stm32f3xx_hal_rcc.o
 .debug_info    0x00009f50      0x5b9 ./Drivers/STM32F3xx_HAL_Driver/Src/stm32f3xx_hal_rcc_ex.o
 .debug_info    0x0000a509     0x2a70 ./Drivers/STM32F3xx_HAL_Driver/Src/stm32f3xx_hal_tim.o
 .debug_info    0x0000cf79     0x156d ./Drivers/STM32F3xx_HAL_Driver/Src/stm32f3xx_hal_tim_ex.o

.debug_abbrev   0x00000000     0x234a
 .debug_abbrev  0x00000000      0x2ce ./Core/Src/main.o
 .debug_abbrev  0x000002ce      0x21b ./Core/Src/stm32f3xx_hal_msp.o
 .debug_abbrev  0x000004e9       0x73 ./Core/Src/stm32f3xx_it.o
 .debug_abbrev  0x0000055c      0x11a ./Core/Src/system_stm32f3xx.o
 .debug_abbrev  0x00000676      0x1e4 ./Core/Src/tasks/can_receive.o
 .debug_abbrev  0x0000085a      0x174 ./Core/Src/tasks/can_transmit.o
 .debug_abbrev  0x000009ce      0x281 ./Core/Src/tasks/control.o
 .debug_abbrev  0x00000c4f      0x103 ./Core/Src/tasks/loop.o
 .debug_abbrev  0x00000d52       0x24 ./Core/Startup/startup_stm32f303cbtx.o
 .debug_abbrev  0x00000d76      0x215 ./Drivers/STM32F3xx_HAL_Driver/Src/stm32f3xx_hal.o
 .debug_abbrev  0x00000f8b      0x28e ./Drivers/STM32F3xx_HAL_Driver/Src/stm32f3xx_hal_adc_ex.o
 .debug_abbrev  0x00001219      0x22d ./Drivers/STM32F3xx_HAL_Driver/Src/stm32f3xx_hal_can.o
 .debug_abbrev  0x00001446      0x31e ./Drivers/STM32F3xx_HAL_Driver/Src/stm32f3xx_hal_cortex.o
 .debug_abbrev  0x00001764      0x1ca ./Drivers/STM32F3xx_HAL_Driver/Src/stm32f3xx_hal_gpio.o
 .debug_abbrev  0x0000192e      0x300 ./Drivers/STM32F3xx_HAL_Driver/Src/stm32f3xx_hal_rcc.o
 .debug_abbrev  0x00001c2e      0x221 ./Drivers/STM32F3xx_HAL_Driver/Src/stm32f3xx_hal_rcc_ex.o
 .debug_abbrev  0x00001e4f      0x278 ./Drivers/STM32F3xx_HAL_Driver/Src/stm32f3xx_hal_tim.o
 .debug_abbrev  0x000020c7      0x283 ./Drivers/STM32F3xx_HAL_Driver/Src/stm32f3xx_hal_tim_ex.o

.debug_aranges  0x00000000      0xd08
 .debug_aranges
                0x00000000       0x58 ./Core/Src/main.o
 .debug_aranges
                0x00000058       0x50 ./Core/Src/stm32f3xx_hal_msp.o
 .debug_aranges
                0x000000a8       0x60 ./Core/Src/stm32f3xx_it.o
 .debug_aranges
                0x00000108       0x28 ./Core/Src/system_stm32f3xx.o
 .debug_aranges
                0x00000130       0x20 ./Core/Src/tasks/can_receive.o
 .debug_aranges
                0x00000150       0x20 ./Core/Src/tasks/can_transmit.o
 .debug_aranges
                0x00000170       0x38 ./Core/Src/tasks/control.o
 .debug_aranges
                0x000001a8       0x20 ./Core/Src/tasks/loop.o
 .debug_aranges
                0x000001c8       0x28 ./Core/Startup/startup_stm32f303cbtx.o
 .debug_aranges
                0x000001f0       0xe0 ./Drivers/STM32F3xx_HAL_Driver/Src/stm32f3xx_hal.o
 .debug_aranges
                0x000002d0      0x168 ./Drivers/STM32F3xx_HAL_Driver/Src/stm32f3xx_hal_adc_ex.o
 .debug_aranges
                0x00000438      0x138 ./Drivers/STM32F3xx_HAL_Driver/Src/stm32f3xx_hal_can.o
 .debug_aranges
                0x00000570      0x128 ./Drivers/STM32F3xx_HAL_Driver/Src/stm32f3xx_hal_cortex.o
 .debug_aranges
                0x00000698       0x58 ./Drivers/STM32F3xx_HAL_Driver/Src/stm32f3xx_hal_gpio.o
 .debug_aranges
                0x000006f0       0x88 ./Drivers/STM32F3xx_HAL_Driver/Src/stm32f3xx_hal_rcc.o
 .debug_aranges
                0x00000778       0x38 ./Drivers/STM32F3xx_HAL_Driver/Src/stm32f3xx_hal_rcc_ex.o
 .debug_aranges
                0x000007b0      0x3e0 ./Drivers/STM32F3xx_HAL_Driver/Src/stm32f3xx_hal_tim.o
 .debug_aranges
                0x00000b90      0x178 ./Drivers/STM32F3xx_HAL_Driver/Src/stm32f3xx_hal_tim_ex.o

.debug_rnglists
                0x00000000      0xa0b
 .debug_rnglists
                0x00000000       0x43 ./Core/Src/main.o
 .debug_rnglists
                0x00000043       0x3a ./Core/Src/stm32f3xx_hal_msp.o
 .debug_rnglists
                0x0000007d       0x43 ./Core/Src/stm32f3xx_it.o
 .debug_rnglists
                0x000000c0       0x1a ./Core/Src/system_stm32f3xx.o
 .debug_rnglists
                0x000000da       0x13 ./Core/Src/tasks/can_receive.o
 .debug_rnglists
                0x000000ed       0x13 ./Core/Src/tasks/can_transmit.o
 .debug_rnglists
                0x00000100       0x28 ./Core/Src/tasks/control.o
 .debug_rnglists
                0x00000128       0x13 ./Core/Src/tasks/loop.o
 .debug_rnglists
                0x0000013b       0x19 ./Core/Startup/startup_stm32f303cbtx.o
 .debug_rnglists
                0x00000154       0xa3 ./Drivers/STM32F3xx_HAL_Driver/Src/stm32f3xx_hal.o
 .debug_rnglists
                0x000001f7      0x126 ./Drivers/STM32F3xx_HAL_Driver/Src/stm32f3xx_hal_adc_ex.o
 .debug_rnglists
                0x0000031d       0xee ./Drivers/STM32F3xx_HAL_Driver/Src/stm32f3xx_hal_can.o
 .debug_rnglists
                0x0000040b       0xda ./Drivers/STM32F3xx_HAL_Driver/Src/stm32f3xx_hal_cortex.o
 .debug_rnglists
                0x000004e5       0x3f ./Drivers/STM32F3xx_HAL_Driver/Src/stm32f3xx_hal_gpio.o
 .debug_rnglists
                0x00000524       0x66 ./Drivers/STM32F3xx_HAL_Driver/Src/stm32f3xx_hal_rcc.o
 .debug_rnglists
                0x0000058a       0x28 ./Drivers/STM32F3xx_HAL_Driver/Src/stm32f3xx_hal_rcc_ex.o
 .debug_rnglists
                0x000005b2      0x328 ./Drivers/STM32F3xx_HAL_Driver/Src/stm32f3xx_hal_tim.o
 .debug_rnglists
                0x000008da      0x131 ./Drivers/STM32F3xx_HAL_Driver/Src/stm32f3xx_hal_tim_ex.o

.debug_macro    0x00000000    0x1e455
 .debug_macro   0x00000000      0x208 ./Core/Src/main.o
 .debug_macro   0x00000208      0xab4 ./Core/Src/main.o
 .debug_macro   0x00000cbc      0x15d ./Core/Src/main.o
 .debug_macro   0x00000e19       0x2e ./Core/Src/main.o
 .debug_macro   0x00000e47       0x28 ./Core/Src/main.o
 .debug_macro   0x00000e6f       0x22 ./Core/Src/main.o
 .debug_macro   0x00000e91       0x8e ./Core/Src/main.o
 .debug_macro   0x00000f1f       0x51 ./Core/Src/main.o
 .debug_macro   0x00000f70      0x103 ./Core/Src/main.o
 .debug_macro   0x00001073       0x6a ./Core/Src/main.o
 .debug_macro   0x000010dd      0x1df ./Core/Src/main.o
 .debug_macro   0x000012bc       0x1c ./Core/Src/main.o
 .debug_macro   0x000012d8       0x22 ./Core/Src/main.o
 .debug_macro   0x000012fa       0xd9 ./Core/Src/main.o
 .debug_macro   0x000013d3     0x102d ./Core/Src/main.o
 .debug_macro   0x00002400      0x11f ./Core/Src/main.o
 .debug_macro   0x0000251f    0x12a3a ./Core/Src/main.o
 .debug_macro   0x00014f59       0x6d ./Core/Src/main.o
 .debug_macro   0x00014fc6     0x3574 ./Core/Src/main.o
 .debug_macro   0x0001853a      0x189 ./Core/Src/main.o
 .debug_macro   0x000186c3       0x55 ./Core/Src/main.o
 .debug_macro   0x00018718      0x961 ./Core/Src/main.o
 .debug_macro   0x00019079      0x5fe ./Core/Src/main.o
 .debug_macro   0x00019677      0x1b5 ./Core/Src/main.o
 .debug_macro   0x0001982c      0x1fb ./Core/Src/main.o
 .debug_macro   0x00019a27      0x1dc ./Core/Src/main.o
 .debug_macro   0x00019c03      0x1bc ./Core/Src/main.o
 .debug_macro   0x00019dbf       0x30 ./Core/Src/main.o
 .debug_macro   0x00019def       0x3c ./Core/Src/main.o
 .debug_macro   0x00019e2b      0x235 ./Core/Src/main.o
 .debug_macro   0x0001a060      0x9b1 ./Core/Src/main.o
 .debug_macro   0x0001aa11       0x77 ./Core/Src/main.o
 .debug_macro   0x0001aa88      0x408 ./Core/Src/main.o
 .debug_macro   0x0001ae90       0xc5 ./Core/Src/main.o
 .debug_macro   0x0001af55      0x21d ./Core/Src/main.o
 .debug_macro   0x0001b172      0x22c ./Core/Src/main.o
 .debug_macro   0x0001b39e       0x5b ./Core/Src/main.o
 .debug_macro   0x0001b3f9       0xa5 ./Core/Src/main.o
 .debug_macro   0x0001b49e       0x81 ./Core/Src/main.o
 .debug_macro   0x0001b51f       0xd3 ./Core/Src/main.o
 .debug_macro   0x0001b5f2      0xa60 ./Core/Src/main.o
 .debug_macro   0x0001c052       0x89 ./Core/Src/main.o
 .debug_macro   0x0001c0db      0x275 ./Core/Src/main.o
 .debug_macro   0x0001c350       0x22 ./Core/Src/main.o
 .debug_macro   0x0001c372      0x124 ./Core/Src/main.o
 .debug_macro   0x0001c496      0x208 ./Core/Src/stm32f3xx_hal_msp.o
 .debug_macro   0x0001c69e      0x212 ./Core/Src/stm32f3xx_it.o
 .debug_macro   0x0001c8b0      0x1e6 ./Core/Src/system_stm32f3xx.o
 .debug_macro   0x0001ca96      0x208 ./Core/Src/tasks/can_receive.o
 .debug_macro   0x0001cc9e      0x208 ./Core/Src/tasks/can_transmit.o
 .debug_macro   0x0001cea6      0x208 ./Core/Src/tasks/control.o
 .debug_macro   0x0001d0ae      0x208 ./Core/Src/tasks/loop.o
 .debug_macro   0x0001d2b6      0x20a ./Drivers/STM32F3xx_HAL_Driver/Src/stm32f3xx_hal.o
 .debug_macro   0x0001d4c0      0x210 ./Drivers/STM32F3xx_HAL_Driver/Src/stm32f3xx_hal_adc_ex.o
 .debug_macro   0x0001d6d0      0x1f5 ./Drivers/STM32F3xx_HAL_Driver/Src/stm32f3xx_hal_can.o
 .debug_macro   0x0001d8c5      0x1e6 ./Drivers/STM32F3xx_HAL_Driver/Src/stm32f3xx_hal_cortex.o
 .debug_macro   0x0001daab      0x1ed ./Drivers/STM32F3xx_HAL_Driver/Src/stm32f3xx_hal_gpio.o
 .debug_macro   0x0001dc98      0x20a ./Drivers/STM32F3xx_HAL_Driver/Src/stm32f3xx_hal_rcc.o
 .debug_macro   0x0001dea2      0x1e6 ./Drivers/STM32F3xx_HAL_Driver/Src/stm32f3xx_hal_rcc_ex.o
 .debug_macro   0x0001e088      0x1e7 ./Drivers/STM32F3xx_HAL_Driver/Src/stm32f3xx_hal_tim.o
 .debug_macro   0x0001e26f      0x1e6 ./Drivers/STM32F3xx_HAL_Driver/Src/stm32f3xx_hal_tim_ex.o

.debug_line     0x00000000    0x11ae5
 .debug_line    0x00000000      0x9f2 ./Core/Src/main.o
 .debug_line    0x000009f2      0x893 ./Core/Src/stm32f3xx_hal_msp.o
 .debug_line    0x00001285      0x860 ./Core/Src/stm32f3xx_it.o
 .debug_line    0x00001ae5      0x808 ./Core/Src/system_stm32f3xx.o
 .debug_line    0x000022ed      0x7b1 ./Core/Src/tasks/can_receive.o
 .debug_line    0x00002a9e      0x79b ./Core/Src/tasks/can_transmit.o
 .debug_line    0x00003239      0x8f7 ./Core/Src/tasks/control.o
 .debug_line    0x00003b30      0x79c ./Core/Src/tasks/loop.o
 .debug_line    0x000042cc       0x7a ./Core/Startup/startup_stm32f303cbtx.o
 .debug_line    0x00004346      0xa40 ./Drivers/STM32F3xx_HAL_Driver/Src/stm32f3xx_hal.o
 .debug_line    0x00004d86     0x27ac ./Drivers/STM32F3xx_HAL_Driver/Src/stm32f3xx_hal_adc_ex.o
 .debug_line    0x00007532     0x121a ./Drivers/STM32F3xx_HAL_Driver/Src/stm32f3xx_hal_can.o
 .debug_line    0x0000874c      0xd2d ./Drivers/STM32F3xx_HAL_Driver/Src/stm32f3xx_hal_cortex.o
 .debug_line    0x00009479      0xbb7 ./Drivers/STM32F3xx_HAL_Driver/Src/stm32f3xx_hal_gpio.o
 .debug_line    0x0000a030     0x13d5 ./Drivers/STM32F3xx_HAL_Driver/Src/stm32f3xx_hal_rcc.o
 .debug_line    0x0000b405      0xd8e ./Drivers/STM32F3xx_HAL_Driver/Src/stm32f3xx_hal_rcc_ex.o
 .debug_line    0x0000c193     0x3e38 ./Drivers/STM32F3xx_HAL_Driver/Src/stm32f3xx_hal_tim.o
 .debug_line    0x0000ffcb     0x1b1a ./Drivers/STM32F3xx_HAL_Driver/Src/stm32f3xx_hal_tim_ex.o

.debug_str      0x00000000    0xba41d
 .debug_str     0x00000000    0xb6fb3 ./Core/Src/main.o
                              0xb77ad (size before relaxing)
 .debug_str     0x000b6fb3      0x42f ./Core/Src/stm32f3xx_hal_msp.o
                              0xb76a0 (size before relaxing)
 .debug_str     0x000b73e2       0xc9 ./Core/Src/stm32f3xx_it.o
                              0xb67d4 (size before relaxing)
 .debug_str     0x000b74ab       0xdf ./Core/Src/system_stm32f3xx.o
                              0xb6225 (size before relaxing)
 .debug_str     0x000b758a      0x105 ./Core/Src/tasks/can_receive.o
                              0xb6b23 (size before relaxing)
 .debug_str     0x000b768f       0x8c ./Core/Src/tasks/can_transmit.o
                              0xb6a96 (size before relaxing)
 .debug_str     0x000b771b      0x100 ./Core/Src/tasks/control.o
                              0xb70bc (size before relaxing)
 .debug_str     0x000b781b       0x19 ./Core/Src/tasks/loop.o
                              0xb67e2 (size before relaxing)
 .debug_str     0x000b7834       0x78 ./Core/Startup/startup_stm32f303cbtx.o
 .debug_str     0x000b78ac      0x397 ./Drivers/STM32F3xx_HAL_Driver/Src/stm32f3xx_hal.o
                              0xb6a63 (size before relaxing)
 .debug_str     0x000b7c43      0x8dc ./Drivers/STM32F3xx_HAL_Driver/Src/stm32f3xx_hal_adc_ex.o
                              0xb6f2b (size before relaxing)
 .debug_str     0x000b851f      0x417 ./Drivers/STM32F3xx_HAL_Driver/Src/stm32f3xx_hal_can.o
                              0xb69b4 (size before relaxing)
 .debug_str     0x000b8936      0x35d ./Drivers/STM32F3xx_HAL_Driver/Src/stm32f3xx_hal_cortex.o
                              0xb6ae7 (size before relaxing)
 .debug_str     0x000b8c93      0x10c ./Drivers/STM32F3xx_HAL_Driver/Src/stm32f3xx_hal_gpio.o
                              0xb6392 (size before relaxing)
 .debug_str     0x000b8d9f      0x2c3 ./Drivers/STM32F3xx_HAL_Driver/Src/stm32f3xx_hal_rcc.o
                              0xb66c5 (size before relaxing)
 .debug_str     0x000b9062       0xbe ./Drivers/STM32F3xx_HAL_Driver/Src/stm32f3xx_hal_rcc_ex.o
                              0xb6489 (size before relaxing)
 .debug_str     0x000b9120      0xe21 ./Drivers/STM32F3xx_HAL_Driver/Src/stm32f3xx_hal_tim.o
                              0xb765c (size before relaxing)
 .debug_str     0x000b9f41      0x4dc ./Drivers/STM32F3xx_HAL_Driver/Src/stm32f3xx_hal_tim_ex.o
                              0xb6ea2 (size before relaxing)

.comment        0x00000000       0x43
 .comment       0x00000000       0x43 ./Core/Src/main.o
                                 0x44 (size before relaxing)
 .comment       0x00000043       0x44 ./Core/Src/stm32f3xx_hal_msp.o
 .comment       0x00000043       0x44 ./Core/Src/stm32f3xx_it.o
 .comment       0x00000043       0x44 ./Core/Src/system_stm32f3xx.o
 .comment       0x00000043       0x44 ./Core/Src/tasks/can_receive.o
 .comment       0x00000043       0x44 ./Core/Src/tasks/can_transmit.o
 .comment       0x00000043       0x44 ./Core/Src/tasks/control.o
 .comment       0x00000043       0x44 ./Core/Src/tasks/loop.o
 .comment       0x00000043       0x44 ./Drivers/STM32F3xx_HAL_Driver/Src/stm32f3xx_hal.o
 .comment       0x00000043       0x44 ./Drivers/STM32F3xx_HAL_Driver/Src/stm32f3xx_hal_adc_ex.o
 .comment       0x00000043       0x44 ./Drivers/STM32F3xx_HAL_Driver/Src/stm32f3xx_hal_can.o
 .comment       0x00000043       0x44 ./Drivers/STM32F3xx_HAL_Driver/Src/stm32f3xx_hal_cortex.o
 .comment       0x00000043       0x44 ./Drivers/STM32F3xx_HAL_Driver/Src/stm32f3xx_hal_gpio.o
 .comment       0x00000043       0x44 ./Drivers/STM32F3xx_HAL_Driver/Src/stm32f3xx_hal_rcc.o
 .comment       0x00000043       0x44 ./Drivers/STM32F3xx_HAL_Driver/Src/stm32f3xx_hal_rcc_ex.o
 .comment       0x00000043       0x44 ./Drivers/STM32F3xx_HAL_Driver/Src/stm32f3xx_hal_tim.o
 .comment       0x00000043       0x44 ./Drivers/STM32F3xx_HAL_Driver/Src/stm32f3xx_hal_tim_ex.o

.debug_frame    0x00000000     0x35b8
 .debug_frame   0x00000000      0x120 ./Core/Src/main.o
 .debug_frame   0x00000120      0x110 ./Core/Src/stm32f3xx_hal_msp.o
 .debug_frame   0x00000230      0x104 ./Core/Src/stm32f3xx_it.o
 .debug_frame   0x00000334       0x58 ./Core/Src/system_stm32f3xx.o
 .debug_frame   0x0000038c       0x2c ./Core/Src/tasks/can_receive.o
 .debug_frame   0x000003b8       0x38 ./Core/Src/tasks/can_transmit.o
 .debug_frame   0x000003f0       0xa0 ./Core/Src/tasks/control.o
 .debug_frame   0x00000490       0x2c ./Core/Src/tasks/loop.o
 .debug_frame   0x000004bc      0x334 ./Drivers/STM32F3xx_HAL_Driver/Src/stm32f3xx_hal.o
 .debug_frame   0x000007f0      0x644 ./Drivers/STM32F3xx_HAL_Driver/Src/stm32f3xx_hal_adc_ex.o
 .debug_frame   0x00000e34      0x5a0 ./Drivers/STM32F3xx_HAL_Driver/Src/stm32f3xx_hal_can.o
 .debug_frame   0x000013d4      0x4e8 ./Drivers/STM32F3xx_HAL_Driver/Src/stm32f3xx_hal_cortex.o
 .debug_frame   0x000018bc      0x14c ./Drivers/STM32F3xx_HAL_Driver/Src/stm32f3xx_hal_gpio.o
 .debug_frame   0x00001a08      0x214 ./Drivers/STM32F3xx_HAL_Driver/Src/stm32f3xx_hal_rcc.o
 .debug_frame   0x00001c1c       0xb0 ./Drivers/STM32F3xx_HAL_Driver/Src/stm32f3xx_hal_rcc_ex.o
 .debug_frame   0x00001ccc     0x1218 ./Drivers/STM32F3xx_HAL_Driver/Src/stm32f3xx_hal_tim.o
 .debug_frame   0x00002ee4      0x688 ./Drivers/STM32F3xx_HAL_Driver/Src/stm32f3xx_hal_tim_ex.o
 .debug_frame   0x0000356c       0x20 C:/ST/STM32CubeIDE_1.16.0/STM32CubeIDE/plugins/com.st.stm32cube.ide.mcu.externaltools.gnu-tools-for-stm32.12.3.rel1.win32_1.0.200.202406191623/tools/bin/../lib/gcc/arm-none-eabi/12.3.1/../../../../arm-none-eabi/lib/thumb/v7e-m+fp/hard\libc_nano.a(libc_a-memset.o)
 .debug_frame   0x0000358c       0x2c C:/ST/STM32CubeIDE_1.16.0/STM32CubeIDE/plugins/com.st.stm32cube.ide.mcu.externaltools.gnu-tools-for-stm32.12.3.rel1.win32_1.0.200.202406191623/tools/bin/../lib/gcc/arm-none-eabi/12.3.1/../../../../arm-none-eabi/lib/thumb/v7e-m+fp/hard\libc_nano.a(libc_a-init.o)

.debug_line_str
                0x00000000       0x5c
 .debug_line_str
                0x00000000       0x5c ./Core/Startup/startup_stm32f303cbtx.o
